     DAEMON-EVENT: init
     DAEMON-EVENT: [Processed: 0 pkts][ZLib][compressions: 0|diff: 0 / 0]
     DAEMON-EVENT: [Flows][active: 0 / 0|skipped: 0|!detected: 0|guessed: 0|detection-updates: 0|updates: 0]
              new: [.....1] [ip4][..udp] [192.168.255.251][56550] -> [........8.8.8.8][...53]
         detected: [.....1] [ip4][..udp] [192.168.255.251][56550] -> [........8.8.8.8][...53] [DNS][Google][Network][Acceptable][www.github.com]
 detection-update: [.....1] [ip4][..udp] [192.168.255.251][56550] -> [........8.8.8.8][...53] [DNS][Google][Network][Acceptable][www.github.com]
 detection-update: [.....1] [ip4][..udp] [192.168.255.251][56550] -> [........8.8.8.8][...53] [DNS][Google][Network][Acceptable][www.github.com]
             idle: [.....1] [ip4][..udp] [192.168.255.251][56550] -> [........8.8.8.8][...53] [DNS][Google][Network][Acceptable][www.github.com]
     DAEMON-EVENT: shutdown
