     DAEMON-EVENT: init
     DAEMON-EVENT: [Processed: 0 pkts][ZLib][compressions: 0|diff: 0 / 0]
     DAEMON-EVENT: [Flows][active: 0 / 0|skipped: 0|!detected: 0|guessed: 0|detection-updates: 0|updates: 0]
              new: [.....1] [ip4][..tcp] [......127.0.0.1][37218] -> [......127.0.0.1][.1080]
         detected: [.....1] [ip4][..tcp] [......127.0.0.1][37218] -> [......127.0.0.1][.1080] [SOCKS][Unknown][Web][Acceptable]
              new: [.....2] [ip4][..udp] [......127.0.0.1][35957] -> [.....127.0.0.53][...53]
         detected: [.....2] [ip4][..udp] [......127.0.0.1][35957] -> [.....127.0.0.53][...53] [DNS][Unknown][Network][Acceptable][www.youtube.com]
 detection-update: [.....2] [ip4][..udp] [......127.0.0.1][35957] -> [.....127.0.0.53][...53] [DNS][Unknown][Network][Acceptable][www.youtube.com]
 detection-update: [.....2] [ip4][..udp] [......127.0.0.1][35957] -> [.....127.0.0.53][...53] [DNS][Unknown][Network][Acceptable][www.youtube.com]
              new: [.....3] [ip4][..tcp] [......127.0.0.1][40818] -> [......127.0.0.1][.1234]
              new: [.....4] [ip6][..tcp] [..2001:b07:a3d:c112:8628:88aa:8b00:913c][48302] -> [...............2a00:1450:4006:80d::200e][..443]
         detected: [.....4] [ip6][..tcp] [..2001:b07:a3d:c112:8628:88aa:8b00:913c][48302] -> [...............2a00:1450:4006:80d::200e][..443] [TLS.YouTube][Google][Media][Fun][www.youtube.com]
 detection-update: [.....4] [ip6][..tcp] [..2001:b07:a3d:c112:8628:88aa:8b00:913c][48302] -> [...............2a00:1450:4006:80d::200e][..443] [TLS.YouTube][Google][Media][Fun][www.youtube.com]
          analyse: [.....4] [ip6][..tcp] [..2001:b07:a3d:c112:8628:88aa:8b00:913c][48302] -> [...............2a00:1450:4006:80d::200e][..443] [TLS.YouTube][Google][Media][Fun]
                                         min|       max|       avg|    stddev|         variance|  entropy
                   [IAT.........:      0.000|     2.054|     0.141|     0.429|       184069.177|    1.900]
                   [PKTLEN......:     72.000|  2488.000|   635.500|   846.400|       716345.800|    3.900]
                   [BINS(c->s)..: 13,1,1,0,1,0,0,0,0,0,0,0,0,0,0,0,1,0,0,0,0,0,0,0,0,0,0,0,0,0,0,0,0,0,0,0,0,0,0,0,0,0,0,0,0,0,0,0]
                   [BINS(s->c)..: 4,0,0,0,0,0,0,1,0,0,0,0,0,0,0,0,0,0,0,0,1,0,0,0,0,0,0,0,0,0,0,0,0,0,0,0,0,4,0,0,0,0,0,0,0,0,0,5]
                   [DIRECTIONS..: 0,0,0,1,0,0,1,1,1,0,0,1,1,0,0,0,0,1,1,0,0,1,1,1,1,0,1,0,1,0,1,0]
                   [IATS(ms)....: 1019.8,1024.0,2053.5,9.7,0.4,10.5,14.8,0.0,24.8,0.0,0.2,0.0,0.1,0.0,3.4,0.5,13.4,0.0,9.6,1.8,11.4,77.7,0.0,0.0,87.4,0.4,0.3,0.3,0.3,0.2,0.2]
                   [PKTLENS.....: 80,80,80,80,72,589,72,2488,1280,72,72,1280,1840,72,72,152,202,720,103,135,103,72,1280,307,1280,72,2488,72,2488,72,2488,72]
                   [ENTROPIES...: 4.9,4.8,4.9,5.4,5.2,4.8,5.2,7.9,7.8,5.2,5.2,7.8,7.9,5.2,5.2,6.4,6.6,7.7,5.9,6.4,5.9,5.2,7.9,7.2,7.9,5.2,7.9,5.2,7.9,5.2,7.9,5.2]
             idle: [.....2] [ip4][..udp] [......127.0.0.1][35957] -> [.....127.0.0.53][...53] [DNS][Unknown][Network][Acceptable][www.youtube.com]
             idle: [.....1] [ip4][..tcp] [......127.0.0.1][37218] -> [......127.0.0.1][.1080] [SOCKS][Unknown][Web][Acceptable]
     not-detected: [.....3] [ip4][..tcp] [......127.0.0.1][40818] -> [......127.0.0.1][.1234] [Unknown][Unknown][Unspecified][Unrated]
             idle: [.....3] [ip4][..tcp] [......127.0.0.1][40818] -> [......127.0.0.1][.1234]
             idle: [.....4] [ip6][..tcp] [..2001:b07:a3d:c112:8628:88aa:8b00:913c][48302] -> [...............2a00:1450:4006:80d::200e][..443] [TLS.YouTube][Google][Media][Fun][www.youtube.com]
     DAEMON-EVENT: shutdown
