Flow 2 risky: tcp 10.8.0.1:42344 -> 159.138.85.48:5223
