Flow 3 midstream: tcp 172.16.0.62:57126 -> 172.16.1.138:5222
Flow 6 risky: tcp 172.16.0.62:57149 -> 172.16.1.138:5222
Flow 6 midstream: tcp 172.16.0.62:57149 -> 172.16.1.138:5222
Flow 4 midstream: tcp 172.16.0.62:57129 -> 172.16.1.138:5222
Flow 8 risky: tcp 192.168.2.100:34218 -> 160.44.201.102:5223
Flow 10 risky: tcp 192.168.2.100:58388 -> 160.44.201.102:5223
Flow 12 risky: tcp 192.168.2.100:34070 -> 160.44.201.102:5223
