Flow 68 risky: udp 192.168.1.17:59392 -> 3.164.68.49:443
