Flow 2 midstream: tcp 192.168.2.100:58976 -> 52.223.198.7:443
