Flow 3 not-detected: tcp 127.0.0.1:40818 -> 127.0.0.1:1234
