Flow 4 midstream: tcp 192.168.2.4:49205 -> 17.173.66.102:443
Flow 9 risky: tcp 17.110.229.14:5223 -> 192.168.2.4:49193
Flow 9 midstream: tcp 17.110.229.14:5223 -> 192.168.2.4:49193
