     DAEMON-EVENT: init
     DAEMON-EVENT: [Processed: 0 pkts][ZLib][compressions: 0|diff: 0 / 0]
     DAEMON-EVENT: [Flows][active: 0 / 0|skipped: 0|!detected: 0|guessed: 0|detection-updates: 0|updates: 0]
              new: [.....1] [ip4][..tcp] [......127.0.0.1][37904] -> [......127.0.0.1][.1080]
         detected: [.....1] [ip4][..tcp] [......127.0.0.1][37904] -> [......127.0.0.1][.1080] [SOCKS][Unknown][Web][Acceptable]
              new: [.....2] [ip4][..tcp] [......127.0.0.1][44276] -> [......127.0.0.1][.8388]
              end: [.....1] [ip4][..tcp] [......127.0.0.1][37904] -> [......127.0.0.1][.1080] [SOCKS][Unknown][Web][Acceptable]
     not-detected: [.....2] [ip4][..tcp] [......127.0.0.1][44276] -> [......127.0.0.1][.8388] [Unknown][Unknown][Unspecified][Unrated]
              end: [.....2] [ip4][..tcp] [......127.0.0.1][44276] -> [......127.0.0.1][.8388]
     DAEMON-EVENT: shutdown
