     DAEMON-EVENT: init
     DAEMON-EVENT: [Processed: 0 pkts][ZLib][compressions: 0|diff: 0 / 0]
     DAEMON-EVENT: [Flows][active: 0 / 0|skipped: 0|!detected: 0|guessed: 0|detection-updates: 0|updates: 0]
              new: [.....1] [ip4][..tcp] [..216.58.209.42][..443] -> [.192.168.12.156][43854]
         detected: [.....1] [ip4][..tcp] [..216.58.209.42][..443] -> [.192.168.12.156][43854] [TLS][Google][Web][Safe]
 detection-update: [.....1] [ip4][..tcp] [..216.58.209.42][..443] -> [.192.168.12.156][43854] [TLS.YouTubeUpload][Google][Media][Fun]
             idle: [.....1] [ip4][..tcp] [..216.58.209.42][..443] -> [.192.168.12.156][43854] [TLS.YouTubeUpload][Google][Media][Fun]
     DAEMON-EVENT: shutdown
