     DAEMON-EVENT: init
     DAEMON-EVENT: [Processed: 0 pkts][ZLib][compressions: 0|diff: 0 / 0]
     DAEMON-EVENT: [Flows][active: 0 / 0|skipped: 0|!detected: 0|guessed: 0|detection-updates: 0|updates: 0]
              new: [.....1] [ip4][..tcp] [.192.168.12.156][39958] -> [..172.67.21.133][..443]
         detected: [.....1] [ip4][..tcp] [.192.168.12.156][39958] -> [..172.67.21.133][..443] [TLS][Cloudflare][Web][Safe][sb.adtidy.org]
              end: [.....1] [ip4][..tcp] [.192.168.12.156][39958] -> [..172.67.21.133][..443] [TLS][Cloudflare][Web][Safe]
     DAEMON-EVENT: shutdown
