Flow 2 not-detected: tcp 127.0.0.1:44276 -> 127.0.0.1:8388
