     DAEMON-EVENT: init
     DAEMON-EVENT: [Processed: 0 pkts][ZLib][compressions: 0|diff: 0 / 0]
     DAEMON-EVENT: [Flows][active: 0 / 0|skipped: 0|!detected: 0|guessed: 0|detection-updates: 0|updates: 0]
              new: [.....1] [ip6][..udp] [.........3ffe:507::1:200:86ff:fe05:80da][21554] -> [......................3ffe:501:4819::42][.5333]
     DAEMON-EVENT: [Processed: 2 pkts][ZLib][compressions: 0|diff: 0 / 0]
     DAEMON-EVENT: [Flows][active: 1 / 1|skipped: 0|!detected: 0|guessed: 0|detection-updates: 0|updates: 0]
              new: [.....2] [ip6][..udp] [247f:855b:5e16:3caf:3f2c:4134:9592:661b][..100] -> [.21bc:b273:7f68:88d7:77a8:585:3990:927b][.1991]
         detected: [.....2] [ip6][..udp] [247f:855b:5e16:3caf:3f2c:4134:9592:661b][..100] -> [.21bc:b273:7f68:88d7:77a8:585:3990:927b][.1991] [DTLS][Unknown][Web][Safe]
              new: [.....3] [ip6][..udp] [247f:855b:5e16:3caf:3f2c:4134:9592:661b][36098] -> [.21bc:b273:7f68:88d7:77a8:585:3990:927b][50621]
         detected: [.....3] [ip6][..udp] [247f:855b:5e16:3caf:3f2c:4134:9592:661b][36098] -> [.21bc:b273:7f68:88d7:77a8:585:3990:927b][50621] [DTLS][Unknown][Web][Safe]
     not-detected: [.....1] [ip6][..udp] [.........3ffe:507::1:200:86ff:fe05:80da][21554] -> [......................3ffe:501:4819::42][.5333] [Unknown][Unknown][Unspecified][Unrated]
             idle: [.....1] [ip6][..udp] [.........3ffe:507::1:200:86ff:fe05:80da][21554] -> [......................3ffe:501:4819::42][.5333]
     DAEMON-EVENT: [Processed: 4 pkts][ZLib][compressions: 0|diff: 0 / 0]
     DAEMON-EVENT: [Flows][active: 2 / 3|skipped: 0|!detected: 1|guessed: 0|detection-updates: 0|updates: 0]
              new: [.....4] [ip6][..udp] [..............fe80::76ac:b9ff:fe6c:c124][12719] -> [................................ff02::1][26993]
              new: [.....5] [ip6][..udp] [..............fe80::76ac:b9ff:fedd:a1e2][12719] -> [................................ff02::1][26993]
              new: [.....6] [ip6][..udp] [..............fe80::76ac:b9ff:fe6c:c124][12718] -> [................................ff02::1][26993]
              new: [.....7] [ip6][..udp] [..............fe80::76ac:b9ff:fe6c:c124][12717] -> [................................ff02::1][64315]
             idle: [.....2] [ip6][..udp] [247f:855b:5e16:3caf:3f2c:4134:9592:661b][..100] -> [.21bc:b273:7f68:88d7:77a8:585:3990:927b][.1991] [DTLS][Unknown][Web][Safe]
     not-detected: [.....6] [ip6][..udp] [..............fe80::76ac:b9ff:fe6c:c124][12718] -> [................................ff02::1][26993] [Unknown][Unknown][Unspecified][Unrated]
             idle: [.....6] [ip6][..udp] [..............fe80::76ac:b9ff:fe6c:c124][12718] -> [................................ff02::1][26993]
     not-detected: [.....5] [ip6][..udp] [..............fe80::76ac:b9ff:fedd:a1e2][12719] -> [................................ff02::1][26993] [Unknown][Unknown][Unspecified][Unrated]
             idle: [.....5] [ip6][..udp] [..............fe80::76ac:b9ff:fedd:a1e2][12719] -> [................................ff02::1][26993]
     not-detected: [.....4] [ip6][..udp] [..............fe80::76ac:b9ff:fe6c:c124][12719] -> [................................ff02::1][26993] [Unknown][Unknown][Unspecified][Unrated]
             idle: [.....4] [ip6][..udp] [..............fe80::76ac:b9ff:fe6c:c124][12719] -> [................................ff02::1][26993]
     not-detected: [.....7] [ip6][..udp] [..............fe80::76ac:b9ff:fe6c:c124][12717] -> [................................ff02::1][64315] [Unknown][Unknown][Unspecified][Unrated]
             idle: [.....7] [ip6][..udp] [..............fe80::76ac:b9ff:fe6c:c124][12717] -> [................................ff02::1][64315]
             idle: [.....3] [ip6][..udp] [247f:855b:5e16:3caf:3f2c:4134:9592:661b][36098] -> [.21bc:b273:7f68:88d7:77a8:585:3990:927b][50621] [DTLS][Unknown][Web][Safe]
     DAEMON-EVENT: shutdown
