     DAEMON-EVENT: init
     DAEMON-EVENT: [Processed: 0 pkts][ZLib][compressions: 0|diff: 0 / 0]
     DAEMON-EVENT: [Flows][active: 0 / 0|skipped: 0|!detected: 0|guessed: 0|detection-updates: 0|updates: 0]
              new: [.....1] [ip4][..udp] [..172.217.40.76][56680] -> [.193.24.227.238][...53]
         detected: [.....1] [ip4][..udp] [..172.217.40.76][56680] -> [.193.24.227.238][...53] [DNS][Google][Network][Acceptable][weberlab.de]
 detection-update: [.....1] [ip4][..udp] [..172.217.40.76][56680] -> [.193.24.227.238][...53] [DNS][Google][Network][Acceptable][weberlab.de]
                   RISK: Large DNS Packet (512+ bytes), Fragmented DNS Message
      ERROR-EVENT: nDPI IPv4/L4 payload detection failed [1/16]
              new: [.....2] [ip6][..udp] [................2a00:1450:4013:c03::10a][46433] -> [..................2001:470:765b::a25:53][...53]
         detected: [.....2] [ip6][..udp] [................2a00:1450:4013:c03::10a][46433] -> [..................2001:470:765b::a25:53][...53] [DNS][Google][Network][Acceptable][pa.weberlab.de]
 detection-update: [.....2] [ip6][..udp] [................2a00:1450:4013:c03::10a][46433] -> [..................2001:470:765b::a25:53][...53] [DNS][Google][Network][Acceptable][pa.weberlab.de]
                   RISK: Large DNS Packet (512+ bytes), Fragmented DNS Message
      ERROR-EVENT: nDPI IPv6/L4 payload detection failed [2/16]
              new: [.....3] [ip6][..udp] [................2a00:1450:4013:c06::105][63369] -> [..................2001:470:765b::a25:53][...53]
         detected: [.....3] [ip6][..udp] [................2a00:1450:4013:c06::105][63369] -> [..................2001:470:765b::a25:53][...53] [DNS][Google][Network][Acceptable][fg2.weberlab.de]
 detection-update: [.....3] [ip6][..udp] [................2a00:1450:4013:c06::105][63369] -> [..................2001:470:765b::a25:53][...53] [DNS][Google][Network][Acceptable][fg2.weberlab.de]
                   RISK: Large DNS Packet (512+ bytes), Fragmented DNS Message
      ERROR-EVENT: nDPI IPv6/L4 payload detection failed [3/16]
              new: [.....4] [ip4][..udp] [173.194.169.104][59464] -> [.193.24.227.238][...53]
         detected: [.....4] [ip4][..udp] [173.194.169.104][59464] -> [.193.24.227.238][...53] [DNS][Google][Network][Acceptable][fg2.weberlab.de]
 detection-update: [.....4] [ip4][..udp] [173.194.169.104][59464] -> [.193.24.227.238][...53] [DNS][Google][Network][Acceptable][fg2.weberlab.de]
                   RISK: Large DNS Packet (512+ bytes), Fragmented DNS Message
      ERROR-EVENT: nDPI IPv4/L4 payload detection failed [4/16]
              new: [.....5] [ip6][..udp] [................2a00:1450:400c:c00::106][54430] -> [..................2001:470:765b::a25:53][...53]
         detected: [.....5] [ip6][..udp] [................2a00:1450:400c:c00::106][54430] -> [..................2001:470:765b::a25:53][...53] [DNS][Google][Network][Acceptable][fg2.weberlab.de]
 detection-update: [.....5] [ip6][..udp] [................2a00:1450:400c:c00::106][54430] -> [..................2001:470:765b::a25:53][...53] [DNS][Google][Network][Acceptable][fg2.weberlab.de]
              new: [.....6] [ip4][..udp] [..74.125.47.136][59330] -> [.193.24.227.238][...53]
         detected: [.....6] [ip4][..udp] [..74.125.47.136][59330] -> [.193.24.227.238][...53] [DNS][Google][Network][Acceptable][weberlab.de]
 detection-update: [.....6] [ip4][..udp] [..74.125.47.136][59330] -> [.193.24.227.238][...53] [DNS][Google][Network][Acceptable][weberlab.de]
                   RISK: Large DNS Packet (512+ bytes), Fragmented DNS Message
      ERROR-EVENT: nDPI IPv4/L4 payload detection failed [5/16]
              new: [.....7] [ip6][..udp] [................2a00:1450:4013:c05::10e][34944] -> [..................2001:470:765b::a25:53][...53]
         detected: [.....7] [ip6][..udp] [................2a00:1450:4013:c05::10e][34944] -> [..................2001:470:765b::a25:53][...53] [DNS][Google][Network][Acceptable][fg2.weberlab.de]
 detection-update: [.....7] [ip6][..udp] [................2a00:1450:4013:c05::10e][34944] -> [..................2001:470:765b::a25:53][...53] [DNS][Google][Network][Acceptable][fg2.weberlab.de]
     DAEMON-EVENT: [Processed: 14 pkts][ZLib][compressions: 0|diff: 0 / 0]
     DAEMON-EVENT: [Flows][active: 7 / 7|skipped: 0|!detected: 0|guessed: 0|detection-updates: 7|updates: 0]
              new: [.....8] [ip6][..udp] [..2001:470:1f0b:16b0:20c:29ff:fe7c:a4cb][47634] -> [..................2001:470:765b::a25:53][...53]
         detected: [.....8] [ip6][..udp] [..2001:470:1f0b:16b0:20c:29ff:fe7c:a4cb][47634] -> [..................2001:470:765b::a25:53][...53] [DNS][Unknown][Network][Acceptable][fg2-mgmt.weberlab.de]
 detection-update: [.....8] [ip6][..udp] [..2001:470:1f0b:16b0:20c:29ff:fe7c:a4cb][47634] -> [..................2001:470:765b::a25:53][...53] [DNS][Unknown][Network][Acceptable][fg2-mgmt.weberlab.de]
              new: [.....9] [ip6][..udp] [..2001:470:1f0b:16b0:20c:29ff:fe7c:a4cb][33592] -> [..................2001:470:765b::a25:53][...53]
         detected: [.....9] [ip6][..udp] [..2001:470:1f0b:16b0:20c:29ff:fe7c:a4cb][33592] -> [..................2001:470:765b::a25:53][...53] [DNS][Unknown][Network][Acceptable][fg2-mgmt.weberlab.de]
 detection-update: [.....9] [ip6][..udp] [..2001:470:1f0b:16b0:20c:29ff:fe7c:a4cb][33592] -> [..................2001:470:765b::a25:53][...53] [DNS][Unknown][Network][Acceptable][fg2-mgmt.weberlab.de]
              new: [....10] [ip6][..udp] [..2001:470:1f0b:16b0:20c:29ff:fe7c:a4cb][46316] -> [..................2001:470:765b::a25:53][...53]
         detected: [....10] [ip6][..udp] [..2001:470:1f0b:16b0:20c:29ff:fe7c:a4cb][46316] -> [..................2001:470:765b::a25:53][...53] [DNS][Unknown][Network][Acceptable][fg2-mgmt.weberlab.de]
 detection-update: [....10] [ip6][..udp] [..2001:470:1f0b:16b0:20c:29ff:fe7c:a4cb][46316] -> [..................2001:470:765b::a25:53][...53] [DNS][Unknown][Network][Acceptable][fg2-mgmt.weberlab.de]
              new: [....11] [ip6][..udp] [..2001:470:1f0b:16b0:20c:29ff:fe7c:a4cb][46440] -> [..................2001:470:765b::a25:53][...53]
         detected: [....11] [ip6][..udp] [..2001:470:1f0b:16b0:20c:29ff:fe7c:a4cb][46440] -> [..................2001:470:765b::a25:53][...53] [DNS][Unknown][Network][Acceptable][fg2-mgmt.weberlab.de]
 detection-update: [....11] [ip6][..udp] [..2001:470:1f0b:16b0:20c:29ff:fe7c:a4cb][46440] -> [..................2001:470:765b::a25:53][...53] [DNS][Unknown][Network][Acceptable][fg2-mgmt.weberlab.de]
             idle: [.....7] [ip6][..udp] [................2a00:1450:4013:c05::10e][34944] -> [..................2001:470:765b::a25:53][...53] [DNS][Google][Network][Acceptable][fg2.weberlab.de]
             idle: [.....2] [ip6][..udp] [................2a00:1450:4013:c03::10a][46433] -> [..................2001:470:765b::a25:53][...53] [DNS][Google][Network][Acceptable][pa.weberlab.de]
                   RISK: Large DNS Packet (512+ bytes), Fragmented DNS Message
             idle: [.....4] [ip4][..udp] [173.194.169.104][59464] -> [.193.24.227.238][...53] [DNS][Google][Network][Acceptable][fg2.weberlab.de]
                   RISK: Large DNS Packet (512+ bytes), Fragmented DNS Message
             idle: [.....1] [ip4][..udp] [..172.217.40.76][56680] -> [.193.24.227.238][...53] [DNS][Google][Network][Acceptable][weberlab.de]
                   RISK: Large DNS Packet (512+ bytes), Fragmented DNS Message
             idle: [.....5] [ip6][..udp] [................2a00:1450:400c:c00::106][54430] -> [..................2001:470:765b::a25:53][...53] [DNS][Google][Network][Acceptable][fg2.weberlab.de]
             idle: [.....3] [ip6][..udp] [................2a00:1450:4013:c06::105][63369] -> [..................2001:470:765b::a25:53][...53] [DNS][Google][Network][Acceptable][fg2.weberlab.de]
                   RISK: Large DNS Packet (512+ bytes), Fragmented DNS Message
             idle: [.....6] [ip4][..udp] [..74.125.47.136][59330] -> [.193.24.227.238][...53] [DNS][Google][Network][Acceptable][weberlab.de]
                   RISK: Large DNS Packet (512+ bytes), Fragmented DNS Message
     DAEMON-EVENT: [Processed: 22 pkts][ZLib][compressions: 0|diff: 0 / 0]
     DAEMON-EVENT: [Flows][active: 4 / 11|skipped: 0|!detected: 0|guessed: 0|detection-updates: 11|updates: 0]
              new: [....12] [ip6][..udp] [..2001:470:1f0b:16b0:20c:29ff:fe7c:a4cb][48758] -> [...................2606:4700:4700::1111][...53]
         detected: [....12] [ip6][..udp] [..2001:470:1f0b:16b0:20c:29ff:fe7c:a4cb][48758] -> [...................2606:4700:4700::1111][...53] [DNS][Cloudflare][Network][Acceptable][sigok.verteiltesysteme.net]
 detection-update: [....12] [ip6][..udp] [..2001:470:1f0b:16b0:20c:29ff:fe7c:a4cb][48758] -> [...................2606:4700:4700::1111][...53] [DNS][Cloudflare][Network][Acceptable][sigok.verteiltesysteme.net]
              new: [....13] [ip6][..udp] [..2001:470:1f0b:16b0:20c:29ff:fe7c:a4cb][52814] -> [...................2606:4700:4700::1111][...53]
         detected: [....13] [ip6][..udp] [..2001:470:1f0b:16b0:20c:29ff:fe7c:a4cb][52814] -> [...................2606:4700:4700::1111][...53] [DNS][Cloudflare][Network][Acceptable][sigfail.verteiltesysteme.net]
 detection-update: [....13] [ip6][..udp] [..2001:470:1f0b:16b0:20c:29ff:fe7c:a4cb][52814] -> [...................2606:4700:4700::1111][...53] [DNS][Cloudflare][Network][Acceptable][sigfail.verteiltesysteme.net]
                   RISK: Error Code
              new: [....14] [ip6][..udp] [..2001:470:1f0b:16b0:20c:29ff:fe7c:a4cb][42344] -> [............................2620:fe::fe][...53]
         detected: [....14] [ip6][..udp] [..2001:470:1f0b:16b0:20c:29ff:fe7c:a4cb][42344] -> [............................2620:fe::fe][...53] [DNS][Unknown][Network][Acceptable][formel1.de]
 detection-update: [....14] [ip6][..udp] [..2001:470:1f0b:16b0:20c:29ff:fe7c:a4cb][42344] -> [............................2620:fe::fe][...53] [DNS][Unknown][Network][Acceptable][formel1.de]
             idle: [.....9] [ip6][..udp] [..2001:470:1f0b:16b0:20c:29ff:fe7c:a4cb][33592] -> [..................2001:470:765b::a25:53][...53] [DNS][Unknown][Network][Acceptable][fg2-mgmt.weberlab.de]
             idle: [....10] [ip6][..udp] [..2001:470:1f0b:16b0:20c:29ff:fe7c:a4cb][46316] -> [..................2001:470:765b::a25:53][...53] [DNS][Unknown][Network][Acceptable][fg2-mgmt.weberlab.de]
             idle: [....11] [ip6][..udp] [..2001:470:1f0b:16b0:20c:29ff:fe7c:a4cb][46440] -> [..................2001:470:765b::a25:53][...53] [DNS][Unknown][Network][Acceptable][fg2-mgmt.weberlab.de]
             idle: [.....8] [ip6][..udp] [..2001:470:1f0b:16b0:20c:29ff:fe7c:a4cb][47634] -> [..................2001:470:765b::a25:53][...53] [DNS][Unknown][Network][Acceptable][fg2-mgmt.weberlab.de]
              new: [....15] [ip6][..udp] [..2001:470:1f0b:16b0:20c:29ff:fe7c:a4cb][46709] -> [............................2620:fe::fe][...53]
         detected: [....15] [ip6][..udp] [..2001:470:1f0b:16b0:20c:29ff:fe7c:a4cb][46709] -> [............................2620:fe::fe][...53] [DNS][Unknown][Network][Acceptable][erfpop.de]
 detection-update: [....15] [ip6][..udp] [..2001:470:1f0b:16b0:20c:29ff:fe7c:a4cb][46709] -> [............................2620:fe::fe][...53] [DNS][Unknown][Network][Acceptable][erfpop.de]
              new: [....16] [ip6][..udp] [..2001:470:1f0b:16b0:20c:29ff:fe7c:a4cb][55729] -> [..................2001:470:765b::a25:53][...53]
         detected: [....16] [ip6][..udp] [..2001:470:1f0b:16b0:20c:29ff:fe7c:a4cb][55729] -> [..................2001:470:765b::a25:53][...53] [DNS][Unknown][Network][Acceptable][weberlab.de]
 detection-update: [....16] [ip6][..udp] [..2001:470:1f0b:16b0:20c:29ff:fe7c:a4cb][55729] -> [..................2001:470:765b::a25:53][...53] [DNS][Unknown][Network][Acceptable][weberlab.de]
                   RISK: Large DNS Packet (512+ bytes), Fragmented DNS Message
      ERROR-EVENT: nDPI IPv6/L4 payload detection failed [1/16]
              new: [....17] [ip4][..udp] [....194.247.5.6][51791] -> [.193.24.227.238][...53]
         detected: [....17] [ip4][..udp] [....194.247.5.6][51791] -> [.193.24.227.238][...53] [DNS][Unknown][Network][Acceptable][weberlab.de]
 detection-update: [....17] [ip4][..udp] [....194.247.5.6][51791] -> [.193.24.227.238][...53] [DNS][Unknown][Network][Acceptable][weberlab.de]
                   RISK: Large DNS Packet (512+ bytes), Fragmented DNS Message
      ERROR-EVENT: nDPI IPv4/L4 payload detection failed [2/16]
              new: [....18] [ip6][..udp] [..2001:470:1f0b:16b0:20c:29ff:fe7c:a4cb][60550] -> [...................2606:4700:4700::1111][...53]
         detected: [....18] [ip6][..udp] [..2001:470:1f0b:16b0:20c:29ff:fe7c:a4cb][60550] -> [...................2606:4700:4700::1111][...53] [DNS][Cloudflare][Network][Acceptable][ns2.weberdns.de]
 detection-update: [....18] [ip6][..udp] [..2001:470:1f0b:16b0:20c:29ff:fe7c:a4cb][60550] -> [...................2606:4700:4700::1111][...53] [DNS][Cloudflare][Network][Acceptable][ns2.weberdns.de]
              new: [....19] [ip6][..tcp] [..2001:470:1f0b:16b0:20c:29ff:fe7c:a4cb][57089] -> [.............2001:470:1f0b:16b0::a26:53][...53]
         detected: [....19] [ip6][..tcp] [..2001:470:1f0b:16b0:20c:29ff:fe7c:a4cb][57089] -> [.............2001:470:1f0b:16b0::a26:53][...53] [DNS][Unknown][Network][Acceptable][weberlab.de]
 detection-update: [....19] [ip6][..tcp] [..2001:470:1f0b:16b0:20c:29ff:fe7c:a4cb][57089] -> [.............2001:470:1f0b:16b0::a26:53][...53] [DNS][Unknown][Network][Acceptable][weberlab.de]
              new: [....20] [ip6][..udp] [..2001:470:1f0b:16b0:20c:29ff:fe7c:a4cb][54590] -> [...................2606:4700:4700::1111][...53]
         detected: [....20] [ip6][..udp] [..2001:470:1f0b:16b0:20c:29ff:fe7c:a4cb][54590] -> [...................2606:4700:4700::1111][...53] [DNS][Cloudflare][Network][Acceptable][ns2.weberdns.de]
 detection-update: [....20] [ip6][..udp] [..2001:470:1f0b:16b0:20c:29ff:fe7c:a4cb][54590] -> [...................2606:4700:4700::1111][...53] [DNS][Cloudflare][Network][Acceptable][ns2.weberdns.de]
              new: [....21] [ip4][..tcp] [....194.247.5.6][39005] -> [...194.247.5.14][...53]
         detected: [....21] [ip4][..tcp] [....194.247.5.6][39005] -> [...194.247.5.14][...53] [DNS][Unknown][Network][Acceptable][weberlab.de]
 detection-update: [....21] [ip4][..tcp] [....194.247.5.6][39005] -> [...194.247.5.14][...53] [DNS][Unknown][Network][Acceptable][weberlab.de]
             idle: [....18] [ip6][..udp] [..2001:470:1f0b:16b0:20c:29ff:fe7c:a4cb][60550] -> [...................2606:4700:4700::1111][...53] [DNS][Cloudflare][Network][Acceptable][ns2.weberdns.de]
              end: [....21] [ip4][..tcp] [....194.247.5.6][39005] -> [...194.247.5.14][...53] [DNS][Unknown][Network][Acceptable][weberlab.de]
             idle: [....12] [ip6][..udp] [..2001:470:1f0b:16b0:20c:29ff:fe7c:a4cb][48758] -> [...................2606:4700:4700::1111][...53] [DNS][Cloudflare][Network][Acceptable][sigok.verteiltesysteme.net]
             idle: [....14] [ip6][..udp] [..2001:470:1f0b:16b0:20c:29ff:fe7c:a4cb][42344] -> [............................2620:fe::fe][...53] [DNS][Unknown][Network][Acceptable][formel1.de]
             idle: [....17] [ip4][..udp] [....194.247.5.6][51791] -> [.193.24.227.238][...53] [DNS][Unknown][Network][Acceptable][weberlab.de]
                   RISK: Large DNS Packet (512+ bytes), Fragmented DNS Message
             idle: [....13] [ip6][..udp] [..2001:470:1f0b:16b0:20c:29ff:fe7c:a4cb][52814] -> [...................2606:4700:4700::1111][...53] [DNS][Cloudflare][Network][Acceptable]
                   RISK: Error Code
             idle: [....15] [ip6][..udp] [..2001:470:1f0b:16b0:20c:29ff:fe7c:a4cb][46709] -> [............................2620:fe::fe][...53] [DNS][Unknown][Network][Acceptable][erfpop.de]
             idle: [....16] [ip6][..udp] [..2001:470:1f0b:16b0:20c:29ff:fe7c:a4cb][55729] -> [..................2001:470:765b::a25:53][...53] [DNS][Unknown][Network][Acceptable][weberlab.de]
                   RISK: Large DNS Packet (512+ bytes), Fragmented DNS Message
             idle: [....20] [ip6][..udp] [..2001:470:1f0b:16b0:20c:29ff:fe7c:a4cb][54590] -> [...................2606:4700:4700::1111][...53] [DNS][Cloudflare][Network][Acceptable][ns2.weberdns.de]
              end: [....19] [ip6][..tcp] [..2001:470:1f0b:16b0:20c:29ff:fe7c:a4cb][57089] -> [.............2001:470:1f0b:16b0::a26:53][...53] [DNS][Unknown][Network][Acceptable][weberlab.de]
     DAEMON-EVENT: shutdown
