     DAEMON-EVENT: init
     DAEMON-EVENT: [Processed: 0 pkts][ZLib][compressions: 0|diff: 0 / 0]
     DAEMON-EVENT: [Flows][active: 0 / 0|skipped: 0|!detected: 0|guessed: 0|detection-updates: 0|updates: 0]
              new: [.....1] [ip4][..udp] [....10.35.40.22][.2944] -> [.....10.23.1.42][.2944]
         detected: [.....1] [ip4][..udp] [....10.35.40.22][.2944] -> [.....10.23.1.42][.2944] [Megaco][Unknown][VoIP][Acceptable]
              new: [.....2] [ip4][..udp] [....10.35.60.72][.5060] -> [...10.35.60.100][.5060]
         detected: [.....2] [ip4][..udp] [....10.35.60.72][.5060] -> [...10.35.60.100][.5060] [SIP][Unknown][VoIP][Acceptable]
              new: [.....3] [ip4][..udp] [....10.35.40.25][.5060] -> [...10.35.40.200][.5060]
         detected: [.....3] [ip4][..udp] [....10.35.40.25][.5060] -> [...10.35.40.200][.5060] [SIP][Unknown][VoIP][Acceptable]
              new: [.....4] [ip4][..udp] [138.132.169.101][.5060] -> [192.168.100.219][.5060]
         detected: [.....4] [ip4][..udp] [138.132.169.101][.5060] -> [192.168.100.219][.5060] [SIP][Unknown][VoIP][Acceptable]
          analyse: [.....1] [ip4][..udp] [....10.35.40.22][.2944] -> [.....10.23.1.42][.2944] [Megaco][Unknown][VoIP][Acceptable]
                                         min|       max|       avg|    stddev|         variance|  entropy
                   [IAT.........: <    0.001|     4.370|     1.692|     2.031|      4125948.903|    3.700]
                   [PKTLEN......:     73.000|   400.000|   154.800|    98.900|         9786.300|    4.700]
                   [BINS(c->s)..: 0,15,0,0,0,0,0,0,0,0,1,0,0,0,0,0,0,0,0,0,0,0,0,0,0,0,0,0,0,0,0,0,0,0,0,0,0,0,0,0,0,0,0,0,0,0,0,0]
                   [BINS(s->c)..: 0,1,0,7,0,0,0,7,0,0,0,1,0,0,0,0,0,0,0,0,0,0,0,0,0,0,0,0,0,0,0,0,0,0,0,0,0,0,0,0,0,0,0,0,0,0,0,0]
                   [DIRECTIONS..: 0,0,1,1,0,0,1,1,0,0,1,1,0,0,1,1,0,0,1,1,0,1,0,1,0,0,1,1,0,0,1,1]
                   [IATS(ms)....: 0.1,2.6,0.1,4369.7,0.2,4369.4,0.1,4370.2,0.1,4370.2,0.1,4369.9,0.1,4370.1,0.3,4370.0,0.1,4369.4,0.1,3508.4,3524.3,204.4,193.0,657.5,0.0,652.5,0.2,4369.7,0.1,4370.2,0.6]
                   [PKTLENS.....: 73,73,278,150,73,73,278,150,73,73,278,150,73,73,278,150,73,73,278,150,362,400,80,87,74,74,279,151,74,74,279,151]
                   [ENTROPIES...: 5.2,5.1,5.4,5.4,5.2,5.2,5.4,5.4,5.2,5.2,5.4,5.4,5.2,5.2,5.4,5.4,5.2,5.1,5.4,5.4,5.8,5.2,5.3,5.1,5.2,5.2,5.4,5.5,5.2,5.2,5.4,5.4]
              new: [.....5] [ip4][..udp] [...10.35.60.100][15580] -> [.....10.23.1.52][16756]
         detected: [.....5] [ip4][..udp] [...10.35.60.100][15580] -> [.....10.23.1.52][16756] [RTP][Unknown][Media][Acceptable]
          analyse: [.....5] [ip4][..udp] [...10.35.60.100][15580] -> [.....10.23.1.52][16756] [RTP][Unknown][Media][Acceptable]
                                         min|       max|       avg|    stddev|         variance|  entropy
                   [IAT.........:      0.001|     0.040|     0.020|     0.005|           23.656|    4.900]
                   [PKTLEN......:    200.000|   200.000|   200.000|     0.000|            0.000|    5.000]
                   [BINS(c->s)..: 0,0,0,0,0,32,0,0,0,0,0,0,0,0,0,0,0,0,0,0,0,0,0,0,0,0,0,0,0,0,0,0,0,0,0,0,0,0,0,0,0,0,0,0,0,0,0,0]
                   [BINS(s->c)..: 0,0,0,0,0,0,0,0,0,0,0,0,0,0,0,0,0,0,0,0,0,0,0,0,0,0,0,0,0,0,0,0,0,0,0,0,0,0,0,0,0,0,0,0,0,0,0,0]
                   [DIRECTIONS..: 0,0,0,0,0,0,0,0,0,0,0,0,0,0,0,0,0,0,0,0,0,0,0,0,0,0,0,0,0,0,0,0]
                   [IATS(ms)....: 20.8,19.1,39.5,1.4,20.0,20.0,19.3,20.5,19.6,19.9,21.0,20.3,18.5,20.4,19.7,19.9,20.4,20.2,19.7,20.4,19.3,20.5,20.1,20.0,19.6,20.0,19.9,20.3,20.2,19.8,20.0]
                   [PKTLENS.....: 200,200,200,200,200,200,200,200,200,200,200,200,200,200,200,200,200,200,200,200,200,200,200,200,200,200,200,200,200,200,200,200]
                   [ENTROPIES...: 1.7,1.7,1.7,1.7,1.7,1.7,1.7,1.7,1.7,1.7,1.7,2.4,2.4,2.4,2.5,2.4,2.5,2.5,2.5,2.5,2.5,2.4,2.4,2.4,2.4,2.5,2.5,2.5,2.5,2.4,2.4,2.5]
           update: [.....1] [ip4][..udp] [....10.35.40.22][.2944] -> [.....10.23.1.42][.2944] [Megaco][Unknown][VoIP][Acceptable]
          analyse: [.....3] [ip4][..udp] [....10.35.40.25][.5060] -> [...10.35.40.200][.5060] [SIP][Unknown][VoIP][Acceptable]
                                         min|       max|       avg|    stddev|         variance|  entropy
                   [IAT.........: <    0.001|    27.628|     2.809|     6.896|     47549159.309|    2.500]
                   [PKTLEN......:    290.000|   909.000|   591.300|   211.900|        44888.200|    4.900]
                   [BINS(c->s)..: 0,0,0,0,0,0,0,0,0,0,0,2,4,2,0,0,0,0,0,0,0,0,0,2,0,2,0,4,0,0,0,0,0,0,0,0,0,0,0,0,0,0,0,0,0,0,0,0]
                   [BINS(s->c)..: 0,0,0,0,0,0,0,0,2,0,2,0,0,4,2,0,2,0,0,0,0,0,0,0,2,0,2,0,0,0,0,0,0,0,0,0,0,0,0,0,0,0,0,0,0,0,0,0]
                   [DIRECTIONS..: 0,0,1,1,1,1,1,1,0,0,1,1,0,0,0,0,1,1,0,0,1,1,0,0,1,1,1,1,0,0,0,0]
                   [IATS(ms)....: 1.4,6.0,0.3,162.7,0.4,6673.1,0.7,6843.3,0.4,2041.5,0.8,2040.7,0.3,12.4,0.7,131.8,0.4,27628.4,0.4,27585.5,0.5,6913.8,0.7,6841.3,0.3,84.0,0.4,88.1,0.4,19.8,1.0]
                   [PKTLENS.....: 905,905,290,290,474,474,811,811,438,438,880,880,411,411,779,779,479,479,446,446,558,558,832,832,350,350,461,461,438,438,909,909]
                   [ENTROPIES...: 5.7,5.7,5.6,5.6,5.6,5.6,5.7,5.7,5.6,5.6,5.7,5.7,5.6,5.6,5.8,5.8,5.6,5.6,5.6,5.6,5.7,5.7,5.7,5.7,5.6,5.6,5.6,5.6,5.6,5.6,5.7,5.7]
           update: [.....5] [ip4][..udp] [...10.35.60.100][15580] -> [.....10.23.1.52][16756] [RTP][Unknown][Media][Acceptable]
           update: [.....4] [ip4][..udp] [138.132.169.101][.5060] -> [192.168.100.219][.5060] [SIP][Unknown][VoIP][Acceptable]
           update: [.....2] [ip4][..udp] [....10.35.60.72][.5060] -> [...10.35.60.100][.5060] [SIP][Unknown][VoIP][Acceptable]
           update: [.....3] [ip4][..udp] [....10.35.40.25][.5060] -> [...10.35.40.200][.5060] [SIP][Unknown][VoIP][Acceptable]
           update: [.....1] [ip4][..udp] [....10.35.40.22][.2944] -> [.....10.23.1.42][.2944] [Megaco][Unknown][VoIP][Acceptable]
             idle: [.....5] [ip4][..udp] [...10.35.60.100][15580] -> [.....10.23.1.52][16756] [RTP][Unknown][Media][Acceptable]
             idle: [.....1] [ip4][..udp] [....10.35.40.22][.2944] -> [.....10.23.1.42][.2944] [Megaco][Unknown][VoIP][Acceptable]
             idle: [.....4] [ip4][..udp] [138.132.169.101][.5060] -> [192.168.100.219][.5060] [SIP][Unknown][VoIP][Acceptable]
             idle: [.....3] [ip4][..udp] [....10.35.40.25][.5060] -> [...10.35.40.200][.5060] [SIP][Unknown][VoIP][Acceptable]
             idle: [.....2] [ip4][..udp] [....10.35.60.72][.5060] -> [...10.35.60.100][.5060] [SIP][Unknown][VoIP][Acceptable]
     DAEMON-EVENT: shutdown
