     DAEMON-EVENT: init
     DAEMON-EVENT: [Processed: 0 pkts][ZLib][compressions: 0|diff: 0 / 0]
     DAEMON-EVENT: [Flows][active: 0 / 0|skipped: 0|!detected: 0|guessed: 0|detection-updates: 0|updates: 0]
              new: [.....1] [ip4][..tcp] [..192.168.1.212][50694] -> [...90.130.70.73][...21]
         detected: [.....1] [ip4][..tcp] [..192.168.1.212][50694] -> [...90.130.70.73][...21] [FTP_CONTROL][Unknown][Download][Unsafe]
                   RISK: Unsafe Protocol, Clear-Text Credentials
          analyse: [.....1] [ip4][..tcp] [..192.168.1.212][50694] -> [...90.130.70.73][...21] [FTP_CONTROL][Unknown][Download][Unsafe]
                                         min|       max|       avg|    stddev|         variance|  entropy
                   [IAT.........: <    0.001|     0.090|     0.019|     0.021|          426.190|    4.100]
                   [PKTLEN......:     52.000|   293.000|    71.900|    42.700|         1824.000|    4.800]
                   [BINS(c->s)..: 18,0,0,0,0,0,0,0,0,0,0,0,0,0,0,0,0,0,0,0,0,0,0,0,0,0,0,0,0,0,0,0,0,0,0,0,0,0,0,0,0,0,0,0,0,0,0,0]
                   [BINS(s->c)..: 8,4,1,0,0,0,0,1,0,0,0,0,0,0,0,0,0,0,0,0,0,0,0,0,0,0,0,0,0,0,0,0,0,0,0,0,0,0,0,0,0,0,0,0,0,0,0,0]
                   [DIRECTIONS..: 0,1,0,1,0,0,1,1,0,0,1,1,0,0,1,1,0,0,1,1,0,0,0,1,0,1,0,0,1,0,0,1]
                   [IATS(ms)....: 27.4,27.5,29.0,29.0,0.5,27.7,0.3,27.4,0.2,69.1,21.2,90.0,0.3,27.1,0.0,26.8,0.1,27.0,0.1,26.9,0.0,0.3,27.5,27.3,0.1,0.0,0.7,27.1,26.5,0.1,26.8]
                   [PKTLENS.....: 64,60,52,72,52,68,52,86,52,65,52,75,52,57,52,86,52,58,67,117,52,52,63,96,52,293,52,82,74,52,57,86]
                   [ENTROPIES...: 4.2,5.3,4.9,5.6,4.9,5.4,5.2,5.7,4.9,5.2,5.1,5.7,4.9,5.0,5.0,5.6,4.8,5.0,5.5,5.3,4.9,4.9,5.2,5.7,4.9,5.0,4.9,5.6,5.6,4.9,5.1,5.7]
              new: [.....2] [ip4][..tcp] [..192.168.1.212][50695] -> [...90.130.70.73][25685]
         detected: [.....2] [ip4][..tcp] [..192.168.1.212][50695] -> [...90.130.70.73][25685] [FTP_DATA][Unknown][Download][Acceptable]
              new: [.....3] [ip4][..tcp] [..192.168.1.212][50696] -> [...90.130.70.73][24523]
          analyse: [.....3] [ip4][..tcp] [..192.168.1.212][50696] -> [...90.130.70.73][24523]
                                         min|       max|       avg|    stddev|         variance|  entropy
                   [IAT.........: <    0.001|     0.030|     0.006|     0.011|          123.407|    3.100]
                   [PKTLEN......:     52.000|  1492.000|   818.000|   717.500|       514855.000|    4.300]
                   [BINS(c->s)..: 13,0,0,0,0,0,0,0,0,0,0,0,0,0,0,0,0,0,0,0,0,0,0,0,0,0,0,0,0,0,0,0,0,0,0,0,0,0,0,0,0,0,0,0,0,0,0,0]
                   [BINS(s->c)..: 2,0,0,0,0,0,0,0,0,0,0,0,0,0,0,0,0,0,0,0,0,0,0,0,0,0,0,0,0,0,0,0,0,0,0,0,0,0,0,0,0,0,0,0,0,17,0,0]
                   [DIRECTIONS..: 0,1,0,1,0,1,0,1,0,1,1,0,1,0,1,1,1,0,0,1,1,0,1,0,1,1,1,0,1,0,1,1]
                   [IATS(ms)....: 28.8,28.8,29.6,29.6,0.3,0.3,0.6,0.6,0.3,0.5,0.8,0.4,0.4,0.1,0.3,0.0,0.4,0.0,0.3,27.5,27.8,0.2,0.2,1.7,0.1,0.0,1.8,1.9,1.9,0.2,1.8]
                   [PKTLENS.....: 64,60,52,1492,64,1492,52,1492,52,1492,1492,52,1492,52,1492,1492,1492,52,52,1492,1492,52,1492,52,1492,1492,52,52,1492,52,1492,1492]
                   [ENTROPIES...: 4.3,5.3,4.9,0.4,5.0,0.4,5.0,0.4,4.8,0.4,0.4,4.9,0.4,4.8,0.4,0.4,0.4,4.9,4.8,0.4,0.4,4.9,0.4,4.8,0.4,0.4,5.2,5.0,0.4,4.8,0.4,0.4]
     not-detected: [.....3] [ip4][..tcp] [..192.168.1.212][50696] -> [...90.130.70.73][24523] [Unknown][Unknown][Unspecified][Unrated]
             idle: [.....3] [ip4][..tcp] [..192.168.1.212][50696] -> [...90.130.70.73][24523] [Unknown][Unknown][Unspecified][Unrated]
              end: [.....2] [ip4][..tcp] [..192.168.1.212][50695] -> [...90.130.70.73][25685] [FTP_DATA][Unknown][Download][Acceptable]
              end: [.....1] [ip4][..tcp] [..192.168.1.212][50694] -> [...90.130.70.73][...21] [FTP_CONTROL][Unknown][Download][Unsafe]
                   RISK: Unsafe Protocol, Clear-Text Credentials
     DAEMON-EVENT: shutdown
