     DAEMON-EVENT: init
     DAEMON-EVENT: [Processed: 0 pkts][ZLib][compressions: 0|diff: 0 / 0]
     DAEMON-EVENT: [Flows][active: 0 / 0|skipped: 0|!detected: 0|guessed: 0|detection-updates: 0|updates: 0]
              new: [.....1] [ip4][..tcp] [...192.168.1.31][49779] -> [...192.168.1.30][.1352]
         detected: [.....1] [ip4][..tcp] [...192.168.1.31][49779] -> [...192.168.1.30][.1352] [HCL_Notes][Unknown][Collaborative][Acceptable]
             idle: [.....1] [ip4][..tcp] [...192.168.1.31][49779] -> [...192.168.1.30][.1352] [HCL_Notes][Unknown][Collaborative][Acceptable]
     DAEMON-EVENT: shutdown
