     DAEMON-EVENT: init
     DAEMON-EVENT: [Processed: 0 pkts][ZLib][compressions: 0|diff: 0 / 0]
     DAEMON-EVENT: [Flows][active: 0 / 0|skipped: 0|!detected: 0|guessed: 0|detection-updates: 0|updates: 0]
              new: [.....1] [ip4][..udp] [..192.168.1.128][36852] -> [..192.168.1.254][.5351]
         detected: [.....1] [ip4][..udp] [..192.168.1.128][36852] -> [..192.168.1.254][.5351] [NAT-PMP][Unknown][Network][Acceptable]
 detection-update: [.....1] [ip4][..udp] [..192.168.1.128][36852] -> [..192.168.1.254][.5351] [NAT-PMP][Unknown][Network][Acceptable]
 detection-update: [.....1] [ip4][..udp] [..192.168.1.128][36852] -> [..192.168.1.254][.5351] [NAT-PMP][Unknown][Network][Acceptable]
     DAEMON-EVENT: [Processed: 4 pkts][ZLib][compressions: 0|diff: 0 / 0]
     DAEMON-EVENT: [Flows][active: 1 / 1|skipped: 0|!detected: 0|guessed: 0|detection-updates: 2|updates: 0]
              new: [.....2] [ip4][..udp] [..192.168.2.100][36845] -> [....192.168.2.1][.5351]
         detected: [.....2] [ip4][..udp] [..192.168.2.100][36845] -> [....192.168.2.1][.5351] [NAT-PMP][Unknown][Network][Acceptable]
             idle: [.....1] [ip4][..udp] [..192.168.1.128][36852] -> [..192.168.1.254][.5351] [NAT-PMP][Unknown][Network][Acceptable]
              new: [.....3] [ip4][..udp] [..192.168.2.100][59817] -> [....192.168.2.1][.5351]
         detected: [.....3] [ip4][..udp] [..192.168.2.100][59817] -> [....192.168.2.1][.5351] [NAT-PMP][Unknown][Network][Acceptable]
              new: [.....4] [ip4][..udp] [..192.168.2.100][35763] -> [....192.168.2.1][.5351]
         detected: [.....4] [ip4][..udp] [..192.168.2.100][35763] -> [....192.168.2.1][.5351] [NAT-PMP][Unknown][Network][Acceptable]
             idle: [.....3] [ip4][..udp] [..192.168.2.100][59817] -> [....192.168.2.1][.5351] [NAT-PMP][Unknown][Network][Acceptable]
             idle: [.....4] [ip4][..udp] [..192.168.2.100][35763] -> [....192.168.2.1][.5351] [NAT-PMP][Unknown][Network][Acceptable]
             idle: [.....2] [ip4][..udp] [..192.168.2.100][36845] -> [....192.168.2.1][.5351] [NAT-PMP][Unknown][Network][Acceptable]
     DAEMON-EVENT: shutdown
