     DAEMON-EVENT: init
     DAEMON-EVENT: [Processed: 0 pkts][ZLib][compressions: 0|diff: 0 / 0]
     DAEMON-EVENT: [Flows][active: 0 / 0|skipped: 0|!detected: 0|guessed: 0|detection-updates: 0|updates: 0]
              new: [.....1] [ip4][..tcp] [..192.168.1.119][51331] -> [.104.16.249.249][..443] [MIDSTREAM]
         detected: [.....1] [ip4][..tcp] [..192.168.1.119][51331] -> [.104.16.249.249][..443] [TLS][Cloudflare][Web][Safe]
              new: [.....2] [ip4][..tcp] [..192.168.1.119][51606] -> [.104.16.249.249][..443]
         detected: [.....2] [ip4][..tcp] [..192.168.1.119][51606] -> [.104.16.249.249][..443] [TLS.DoH_DoT][Cloudflare][Network][Acceptable][mozilla.cloudflare-dns.com]
 detection-update: [.....2] [ip4][..tcp] [..192.168.1.119][51606] -> [.104.16.249.249][..443] [TLS.DoH_DoT][Cloudflare][Network][Acceptable][mozilla.cloudflare-dns.com]
              new: [.....3] [ip4][..tcp] [..192.168.1.119][51612] -> [..104.16.124.96][..443]
          analyse: [.....2] [ip4][..tcp] [..192.168.1.119][51606] -> [.104.16.249.249][..443] [TLS.DoH_DoT][Cloudflare][Network][Acceptable]
                                         min|       max|       avg|    stddev|         variance|  entropy
                   [IAT.........: <    0.001|     0.180|     0.028|     0.054|         2913.211|    3.000]
                   [PKTLEN......:     40.000|   722.000|   127.200|   163.800|        26828.900|    4.200]
                   [BINS(c->s)..: 10,1,3,0,1,1,0,0,0,0,0,0,0,0,0,0,0,0,0,1,0,0,0,0,0,0,0,0,0,0,0,0,0,0,0,0,0,0,0,0,0,0,0,0,0,0,0,0]
                   [BINS(s->c)..: 11,1,0,0,0,0,0,1,0,0,1,0,0,0,0,0,0,0,0,0,0,1,0,0,0,0,0,0,0,0,0,0,0,0,0,0,0,0,0,0,0,0,0,0,0,0,0,0]
                   [DIRECTIONS..: 0,1,0,0,0,0,1,1,0,1,1,0,0,1,1,0,0,0,0,0,0,1,1,1,1,1,0,0,1,1,1,0]
                   [IATS(ms)....: 137.9,138.0,4.7,0.3,0.1,180.3,3.0,178.2,0.2,0.0,0.1,2.3,6.4,1.4,5.5,15.4,0.1,0.7,0.1,1.4,74.0,13.5,4.2,2.9,0.0,76.8,0.1,5.4,2.5,0.0,8.0]
                   [PKTLENS.....: 64,52,40,656,46,210,46,722,40,102,46,40,124,46,71,40,191,126,100,132,71,46,46,46,366,71,40,40,46,293,71,40]
                   [ENTROPIES...: 4.4,4.9,4.5,7.1,4.6,7.0,4.4,7.7,4.6,6.1,4.5,4.6,6.3,4.4,5.6,4.5,6.8,6.4,6.2,6.4,5.5,4.4,4.4,4.4,7.3,5.7,4.6,4.6,4.5,7.3,5.6,4.6]
         detected: [.....3] [ip4][..tcp] [..192.168.1.119][51612] -> [..104.16.124.96][..443] [TLS][Cloudflare][Web][Safe][]
                   RISK: Missing SNI TLS Extn, TLS Susp Extn, ALPN/SNI Mismatch
 detection-update: [.....3] [ip4][..tcp] [..192.168.1.119][51612] -> [..104.16.124.96][..443] [TLS][Cloudflare][Web][Safe][]
                   RISK: Missing SNI TLS Extn, TLS Susp Extn, ALPN/SNI Mismatch
          analyse: [.....3] [ip4][..tcp] [..192.168.1.119][51612] -> [..104.16.124.96][..443] [TLS][Cloudflare][Web][Safe]
                                         min|       max|       avg|    stddev|         variance|  entropy
                   [IAT.........: <    0.001|     0.473|     0.050|     0.107|        11455.737|    3.000]
                   [PKTLEN......:     40.000|  1500.000|   367.000|   489.400|       239474.400|    3.900]
                   [BINS(c->s)..: 12,0,1,0,0,1,0,0,0,0,0,0,0,0,0,0,0,0,0,0,0,0,0,0,0,0,1,0,0,1,0,0,0,0,0,0,0,0,0,0,0,0,0,0,0,0,0,0]
                   [BINS(s->c)..: 7,0,0,0,0,0,0,1,0,0,0,1,0,0,0,0,1,0,0,0,0,0,0,0,1,0,0,0,0,0,0,0,1,0,0,1,0,0,0,0,0,0,0,2,0,1,0,0]
                   [DIRECTIONS..: 0,1,0,0,1,1,0,0,0,0,1,1,0,1,1,0,0,1,1,1,0,1,0,1,0,1,0,1,1,0,1,0]
                   [IATS(ms)....: 121.2,121.3,5.4,100.4,0.4,95.3,1.0,4.8,0.1,77.1,0.5,71.8,0.2,0.4,0.6,0.2,76.9,15.5,380.4,472.6,2.8,2.8,2.1,2.1,1.6,1.6,1.4,0.3,1.6,0.6,0.6]
                   [PKTLENS.....: 64,52,40,987,46,272,40,104,210,903,46,552,40,46,71,40,71,46,46,1078,40,830,40,1431,40,1431,40,1500,393,40,1164,40]
                   [ENTROPIES...: 4.5,4.9,4.4,7.5,4.5,6.8,4.6,6.0,6.9,7.8,4.5,7.6,4.6,4.5,5.7,4.6,5.6,4.5,4.5,7.8,4.6,7.8,4.6,7.9,4.6,7.9,4.6,7.9,7.4,4.6,7.8,4.6]
              new: [.....4] [ip4][..tcp] [..192.168.1.119][51635] -> [..104.17.198.37][..443]
              new: [.....5] [ip4][..tcp] [..192.168.1.119][51636] -> [..104.17.198.37][..443]
              new: [.....6] [ip4][..tcp] [..192.168.1.119][51637] -> [..104.22.72.170][..443]
              new: [.....7] [ip4][..tcp] [..192.168.1.119][51638] -> [..104.22.72.170][..443]
              new: [.....8] [ip4][..tcp] [..192.168.1.119][51639] -> [..104.22.72.170][..443]
         detected: [.....4] [ip4][..tcp] [..192.168.1.119][51635] -> [..104.17.198.37][..443] [TLS][Cloudflare][Web][Safe][951c558a-5e07-47ca-a0c0-225da1b33163.is-cf.help.every1dns.net]
         detected: [.....5] [ip4][..tcp] [..192.168.1.119][51636] -> [..104.17.198.37][..443] [TLS][Cloudflare][Web][Safe][951c558a-5e07-47ca-a0c0-225da1b33163.is-doh.help.every1dns.net]
         detected: [.....6] [ip4][..tcp] [..192.168.1.119][51637] -> [..104.22.72.170][..443] [TLS][Cloudflare][Web][Safe][]
                   RISK: Missing SNI TLS Extn, TLS Susp Extn, ALPN/SNI Mismatch
         detected: [.....8] [ip4][..tcp] [..192.168.1.119][51639] -> [..104.22.72.170][..443] [TLS][Cloudflare][Web][Safe][]
                   RISK: Missing SNI TLS Extn, TLS Susp Extn, ALPN/SNI Mismatch
         detected: [.....7] [ip4][..tcp] [..192.168.1.119][51638] -> [..104.22.72.170][..443] [TLS][Cloudflare][Web][Safe][]
                   RISK: Missing SNI TLS Extn, TLS Susp Extn, ALPN/SNI Mismatch
 detection-update: [.....4] [ip4][..tcp] [..192.168.1.119][51635] -> [..104.17.198.37][..443] [TLS][Cloudflare][Web][Safe][951c558a-5e07-47ca-a0c0-225da1b33163.is-cf.help.every1dns.net]
 detection-update: [.....5] [ip4][..tcp] [..192.168.1.119][51636] -> [..104.17.198.37][..443] [TLS][Cloudflare][Web][Safe][951c558a-5e07-47ca-a0c0-225da1b33163.is-doh.help.every1dns.net]
 detection-update: [.....6] [ip4][..tcp] [..192.168.1.119][51637] -> [..104.22.72.170][..443] [TLS][Cloudflare][Web][Safe][]
                   RISK: Missing SNI TLS Extn, TLS Susp Extn, ALPN/SNI Mismatch
 detection-update: [.....8] [ip4][..tcp] [..192.168.1.119][51639] -> [..104.22.72.170][..443] [TLS][Cloudflare][Web][Safe][]
                   RISK: Missing SNI TLS Extn, TLS Susp Extn, ALPN/SNI Mismatch
 detection-update: [.....7] [ip4][..tcp] [..192.168.1.119][51638] -> [..104.22.72.170][..443] [TLS][Cloudflare][Web][Safe][]
                   RISK: Missing SNI TLS Extn, TLS Susp Extn, ALPN/SNI Mismatch
          analyse: [.....6] [ip4][..tcp] [..192.168.1.119][51637] -> [..104.22.72.170][..443] [TLS][Cloudflare][Web][Safe]
                                         min|       max|       avg|    stddev|         variance|  entropy
                   [IAT.........: <    0.001|     0.144|     0.032|     0.043|         1852.691|    3.800]
                   [PKTLEN......:     40.000|  1500.000|   271.300|   409.400|       167573.600|    3.800]
                   [BINS(c->s)..: 12,0,3,0,0,1,0,0,0,0,1,0,0,0,0,0,0,0,0,0,0,0,1,0,0,0,0,0,0,0,0,0,0,0,0,0,0,0,0,0,0,0,0,0,0,0,0,0]
                   [BINS(s->c)..: 7,0,0,0,0,0,0,0,0,2,0,0,0,0,0,0,2,0,0,0,0,0,0,0,0,0,0,0,0,0,0,0,0,0,0,0,0,0,0,0,0,2,0,0,0,1,0,0]
                   [DIRECTIONS..: 0,1,0,0,1,1,1,0,0,0,0,0,0,1,0,1,1,0,0,1,1,0,1,1,0,0,1,0,1,0,1,0]
                   [IATS(ms)....: 81.9,82.0,5.3,129.4,1.7,0.7,126.4,64.0,9.1,0.1,11.9,1.6,143.7,57.1,79.2,1.6,80.8,1.6,14.7,0.3,13.3,11.9,0.0,12.1,0.1,25.4,25.0,0.8,0.8,5.3,5.5]
                   [PKTLENS.....: 64,52,40,752,46,1500,1371,40,104,210,366,115,115,1371,52,46,552,40,71,46,71,40,567,71,40,40,354,40,71,40,354,40]
                   [ENTROPIES...: 4.5,4.9,4.5,7.3,4.5,7.9,7.8,4.7,5.9,7.0,7.4,6.3,6.4,7.8,4.7,4.5,7.6,4.7,5.4,4.5,5.6,4.7,7.6,5.6,4.6,4.6,7.4,4.7,5.6,4.7,7.3,4.7]
              end: [.....1] [ip4][..tcp] [..192.168.1.119][51331] -> [.104.16.249.249][..443] [TLS][Cloudflare][Web][Safe]
             idle: [.....2] [ip4][..tcp] [..192.168.1.119][51606] -> [.104.16.249.249][..443] [TLS.DoH_DoT][Cloudflare][Network][Acceptable][mozilla.cloudflare-dns.com]
             idle: [.....3] [ip4][..tcp] [..192.168.1.119][51612] -> [..104.16.124.96][..443] [TLS][Cloudflare][Web][Safe]
                   RISK: Missing SNI TLS Extn, TLS Susp Extn, ALPN/SNI Mismatch
             idle: [.....4] [ip4][..tcp] [..192.168.1.119][51635] -> [..104.17.198.37][..443] [TLS][Cloudflare][Web][Safe]
             idle: [.....5] [ip4][..tcp] [..192.168.1.119][51636] -> [..104.17.198.37][..443] [TLS][Cloudflare][Web][Safe]
             idle: [.....6] [ip4][..tcp] [..192.168.1.119][51637] -> [..104.22.72.170][..443] [TLS][Cloudflare][Web][Safe]
                   RISK: Missing SNI TLS Extn, TLS Susp Extn, ALPN/SNI Mismatch
              end: [.....7] [ip4][..tcp] [..192.168.1.119][51638] -> [..104.22.72.170][..443] [TLS][Cloudflare][Web][Safe]
                   RISK: Missing SNI TLS Extn, TLS Susp Extn, ALPN/SNI Mismatch
              end: [.....8] [ip4][..tcp] [..192.168.1.119][51639] -> [..104.22.72.170][..443] [TLS][Cloudflare][Web][Safe]
                   RISK: Missing SNI TLS Extn, TLS Susp Extn, ALPN/SNI Mismatch
     DAEMON-EVENT: shutdown
