     DAEMON-EVENT: init
     DAEMON-EVENT: [Processed: 0 pkts][ZLib][compressions: 0|diff: 0 / 0]
     DAEMON-EVENT: [Flows][active: 0 / 0|skipped: 0|!detected: 0|guessed: 0|detection-updates: 0|updates: 0]
              new: [.....1] [ip4][..tcp] [.....10.30.29.3][63357] -> [.178.237.24.249][..443]
          analyse: [.....1] [ip4][..tcp] [.....10.30.29.3][63357] -> [.178.237.24.249][..443]
                                         min|       max|       avg|    stddev|         variance|  entropy
                   [IAT.........: <    0.001|    58.215|     3.883|    14.268|    203566836.875|    1.300]
                   [PKTLEN......:     40.000|  1400.000|   172.500|   263.300|        69345.600|    4.000]
                   [BINS(c->s)..: 11,4,0,1,0,0,1,0,0,2,0,0,0,0,0,0,0,0,0,0,0,0,0,0,0,0,0,0,0,0,0,0,0,0,0,0,0,0,0,0,0,0,0,0,0,0,0,0]
                   [BINS(s->c)..: 6,1,1,0,0,0,0,1,0,1,0,0,0,0,1,0,0,1,0,0,0,0,0,0,0,0,0,0,0,0,0,0,0,0,0,0,0,0,0,0,0,0,1,0,0,0,0,0]
                   [DIRECTIONS..: 0,1,0,0,1,0,1,0,0,1,0,0,1,1,0,0,1,0,1,0,1,0,0,1,0,0,1,1,0,0,1,0]
                   [IATS(ms)....: 28.7,28.8,8.9,42.4,33.5,0.5,0.5,0.1,33.5,33.4,0.3,33.6,0.8,34.1,0.2,44.6,44.3,32.8,32.8,0.2,0.1,0.3,31.3,31.1,58175.5,58215.2,0.0,39.6,1457.4,1490.1,502.6]
                   [PKTLENS.....: 64,46,40,355,50,40,605,40,92,130,40,56,1400,337,40,66,46,152,497,40,270,40,252,46,335,76,46,78,40,78,46,76]
                   [ENTROPIES...: 4.4,4.9,4.7,7.1,4.7,4.7,5.2,4.7,4.0,4.3,4.6,4.3,3.8,3.9,4.6,4.3,4.5,3.5,4.2,4.6,3.7,4.6,5.5,4.5,3.4,4.8,4.5,5.0,4.6,4.5,4.5,4.8]
          guessed: [.....1] [ip4][..tcp] [.....10.30.29.3][63357] -> [.178.237.24.249][..443] [TLS][VK][Web][Safe]
             idle: [.....1] [ip4][..tcp] [.....10.30.29.3][63357] -> [.178.237.24.249][..443] [TLS][VK][Web][Safe]
     DAEMON-EVENT: shutdown
