     DAEMON-EVENT: init
     DAEMON-EVENT: [Processed: 0 pkts][ZLib][compressions: 0|diff: 0 / 0]
     DAEMON-EVENT: [Flows][active: 0 / 0|skipped: 0|!detected: 0|guessed: 0|detection-updates: 0|updates: 0]
              new: [.....1] [ip4][..udp] [..192.168.2.100][44501] -> [.148.153.35.205][60030]
         detected: [.....1] [ip4][..udp] [..192.168.2.100][44501] -> [.148.153.35.205][60030] [RakNet][Unknown][Game][Fun]
              new: [.....2] [ip4][..udp] [..192.168.2.100][60689] -> [.148.153.35.205][60028]
         detected: [.....2] [ip4][..udp] [..192.168.2.100][60689] -> [.148.153.35.205][60028] [RakNet][Unknown][Game][Fun]
           update: [.....1] [ip4][..udp] [..192.168.2.100][44501] -> [.148.153.35.205][60030] [RakNet][Unknown][Game][Fun]
     DAEMON-EVENT: [Processed: 30 pkts][ZLib][compressions: 0|diff: 0 / 0]
     DAEMON-EVENT: [Flows][active: 2 / 2|skipped: 0|!detected: 0|guessed: 0|detection-updates: 0|updates: 1]
              new: [.....3] [ip4][..udp] [..192.168.2.100][32951] -> [.148.153.35.205][60021]
         detected: [.....3] [ip4][..udp] [..192.168.2.100][32951] -> [.148.153.35.205][60021] [RakNet][Unknown][Game][Fun]
              new: [.....4] [ip4][..udp] [.148.153.35.205][60022] -> [..192.168.2.100][32951]
         detected: [.....4] [ip4][..udp] [.148.153.35.205][60022] -> [..192.168.2.100][32951] [RakNet][Unknown][Game][Fun]
              new: [.....5] [ip4][..udp] [..192.168.2.100][32952] -> [.148.153.35.205][60021]
         detected: [.....5] [ip4][..udp] [..192.168.2.100][32952] -> [.148.153.35.205][60021] [RakNet][Unknown][Game][Fun]
                   RISK: Unidirectional Traffic
              new: [.....6] [ip4][..udp] [.148.153.35.205][60025] -> [..192.168.2.100][32951]
         detected: [.....6] [ip4][..udp] [.148.153.35.205][60025] -> [..192.168.2.100][32951] [RakNet][Unknown][Game][Fun]
                   RISK: Unidirectional Traffic
              new: [.....7] [ip4][..udp] [..192.168.2.100][32953] -> [.148.153.35.205][60021]
         detected: [.....7] [ip4][..udp] [..192.168.2.100][32953] -> [.148.153.35.205][60021] [RakNet][Unknown][Game][Fun]
                   RISK: Unidirectional Traffic
              new: [.....8] [ip4][..udp] [..192.168.2.100][60690] -> [.148.153.35.205][60028]
              new: [.....9] [ip4][..udp] [.148.153.35.205][60005] -> [..192.168.2.100][32951]
         detected: [.....9] [ip4][..udp] [.148.153.35.205][60005] -> [..192.168.2.100][32951] [RakNet][Unknown][Game][Fun]
             idle: [.....2] [ip4][..udp] [..192.168.2.100][60689] -> [.148.153.35.205][60028] [RakNet][Unknown][Game][Fun]
             idle: [.....1] [ip4][..udp] [..192.168.2.100][44501] -> [.148.153.35.205][60030] [RakNet][Unknown][Game][Fun]
              new: [....10] [ip4][..udp] [..192.168.2.100][44501] -> [.148.153.35.205][60031]
         detected: [....10] [ip4][..udp] [..192.168.2.100][44501] -> [.148.153.35.205][60031] [RakNet][Unknown][Game][Fun]
              new: [....11] [ip4][..udp] [..192.168.2.100][44501] -> [.148.153.35.205][59935]
           update: [.....8] [ip4][..udp] [..192.168.2.100][60690] -> [.148.153.35.205][60028]
           update: [.....9] [ip4][..udp] [.148.153.35.205][60005] -> [..192.168.2.100][32951] [RakNet][Unknown][Game][Fun]
           update: [.....3] [ip4][..udp] [..192.168.2.100][32951] -> [.148.153.35.205][60021] [RakNet][Unknown][Game][Fun]
           update: [.....4] [ip4][..udp] [.148.153.35.205][60022] -> [..192.168.2.100][32951] [RakNet][Unknown][Game][Fun]
           update: [.....5] [ip4][..udp] [..192.168.2.100][32952] -> [.148.153.35.205][60021] [RakNet][Unknown][Game][Fun]
                   RISK: Unidirectional Traffic
           update: [.....7] [ip4][..udp] [..192.168.2.100][32953] -> [.148.153.35.205][60021] [RakNet][Unknown][Game][Fun]
                   RISK: Unidirectional Traffic
           update: [.....6] [ip4][..udp] [.148.153.35.205][60025] -> [..192.168.2.100][32951] [RakNet][Unknown][Game][Fun]
                   RISK: Unidirectional Traffic
           update: [....10] [ip4][..udp] [..192.168.2.100][44501] -> [.148.153.35.205][60031] [RakNet][Unknown][Game][Fun]
           update: [.....8] [ip4][..udp] [..192.168.2.100][60690] -> [.148.153.35.205][60028]
           update: [.....9] [ip4][..udp] [.148.153.35.205][60005] -> [..192.168.2.100][32951] [RakNet][Unknown][Game][Fun]
           update: [.....3] [ip4][..udp] [..192.168.2.100][32951] -> [.148.153.35.205][60021] [RakNet][Unknown][Game][Fun]
           update: [.....4] [ip4][..udp] [.148.153.35.205][60022] -> [..192.168.2.100][32951] [RakNet][Unknown][Game][Fun]
           update: [.....5] [ip4][..udp] [..192.168.2.100][32952] -> [.148.153.35.205][60021] [RakNet][Unknown][Game][Fun]
                   RISK: Unidirectional Traffic
           update: [.....7] [ip4][..udp] [..192.168.2.100][32953] -> [.148.153.35.205][60021] [RakNet][Unknown][Game][Fun]
                   RISK: Unidirectional Traffic
           update: [.....6] [ip4][..udp] [.148.153.35.205][60025] -> [..192.168.2.100][32951] [RakNet][Unknown][Game][Fun]
                   RISK: Unidirectional Traffic
           update: [....11] [ip4][..udp] [..192.168.2.100][44501] -> [.148.153.35.205][59935]
           update: [....10] [ip4][..udp] [..192.168.2.100][44501] -> [.148.153.35.205][60031] [RakNet][Unknown][Game][Fun]
         detected: [....11] [ip4][..udp] [..192.168.2.100][44501] -> [.148.153.35.205][59935] [RakNet][Unknown][Game][Fun]
                   RISK: Unidirectional Traffic
     not-detected: [.....8] [ip4][..udp] [..192.168.2.100][60690] -> [.148.153.35.205][60028] [Unknown][Unknown][Unspecified][Unrated]
                   RISK: Unidirectional Traffic
             idle: [.....8] [ip4][..udp] [..192.168.2.100][60690] -> [.148.153.35.205][60028]
             idle: [.....9] [ip4][..udp] [.148.153.35.205][60005] -> [..192.168.2.100][32951] [RakNet][Unknown][Game][Fun]
             idle: [.....3] [ip4][..udp] [..192.168.2.100][32951] -> [.148.153.35.205][60021] [RakNet][Unknown][Game][Fun]
             idle: [.....5] [ip4][..udp] [..192.168.2.100][32952] -> [.148.153.35.205][60021] [RakNet][Unknown][Game][Fun]
                   RISK: Unidirectional Traffic
             idle: [.....4] [ip4][..udp] [.148.153.35.205][60022] -> [..192.168.2.100][32951] [RakNet][Unknown][Game][Fun]
             idle: [.....7] [ip4][..udp] [..192.168.2.100][32953] -> [.148.153.35.205][60021] [RakNet][Unknown][Game][Fun]
                   RISK: Unidirectional Traffic
             idle: [.....6] [ip4][..udp] [.148.153.35.205][60025] -> [..192.168.2.100][32951] [RakNet][Unknown][Game][Fun]
                   RISK: Unidirectional Traffic
             idle: [....10] [ip4][..udp] [..192.168.2.100][44501] -> [.148.153.35.205][60031] [RakNet][Unknown][Game][Fun]
           update: [....11] [ip4][..udp] [..192.168.2.100][44501] -> [.148.153.35.205][59935] [RakNet][Unknown][Game][Fun]
                   RISK: Unidirectional Traffic
              new: [....12] [ip4][..udp] [.148.153.35.205][43582] -> [..192.168.2.100][44501]
     not-detected: [....12] [ip4][..udp] [.148.153.35.205][43582] -> [..192.168.2.100][44501] [Unknown][Unknown][Unspecified][Unrated]
                   RISK: Unidirectional Traffic
             idle: [....12] [ip4][..udp] [.148.153.35.205][43582] -> [..192.168.2.100][44501]
             idle: [....11] [ip4][..udp] [..192.168.2.100][44501] -> [.148.153.35.205][59935] [RakNet][Unknown][Game][Fun]
                   RISK: Unidirectional Traffic
     DAEMON-EVENT: shutdown
