     DAEMON-EVENT: init
     DAEMON-EVENT: [Processed: 0 pkts][ZLib][compressions: 0|diff: 0 / 0]
     DAEMON-EVENT: [Flows][active: 0 / 0|skipped: 0|!detected: 0|guessed: 0|detection-updates: 0|updates: 0]
              new: [.....1] [ip4][..tcp] [......127.0.0.1][47638] -> [......127.0.0.1][33333]
              new: [.....2] [ip4][..udp] [......127.0.0.1][54112] -> [......127.0.0.1][33333]
              new: [.....3] [ip4][..udp] [......127.0.0.1][58538] -> [......127.0.0.1][33333]
              new: [.....4] [ip4][..tcp] [......127.0.0.1][54970] -> [......127.0.0.1][33333]
     not-detected: [.....1] [ip4][..tcp] [......127.0.0.1][47638] -> [......127.0.0.1][33333] [Unknown][Unknown][Unspecified][Unrated]
                   RISK: Possible Exploit Attempt
              end: [.....1] [ip4][..tcp] [......127.0.0.1][47638] -> [......127.0.0.1][33333]
     not-detected: [.....2] [ip4][..udp] [......127.0.0.1][54112] -> [......127.0.0.1][33333] [Unknown][Unknown][Unspecified][Unrated]
                   RISK: Susp Entropy, Possible Exploit Attempt, Unidirectional Traffic
             idle: [.....2] [ip4][..udp] [......127.0.0.1][54112] -> [......127.0.0.1][33333]
     not-detected: [.....4] [ip4][..tcp] [......127.0.0.1][54970] -> [......127.0.0.1][33333] [Unknown][Unknown][Unspecified][Unrated]
                   RISK: Possible Exploit Attempt
              end: [.....4] [ip4][..tcp] [......127.0.0.1][54970] -> [......127.0.0.1][33333]
     not-detected: [.....3] [ip4][..udp] [......127.0.0.1][58538] -> [......127.0.0.1][33333] [Unknown][Unknown][Unspecified][Unrated]
                   RISK: Susp Entropy, Possible Exploit Attempt, Unidirectional Traffic
             idle: [.....3] [ip4][..udp] [......127.0.0.1][58538] -> [......127.0.0.1][33333]
     DAEMON-EVENT: shutdown
