     DAEMON-EVENT: init
     DAEMON-EVENT: [Processed: 0 pkts][ZLib][compressions: 0|diff: 0 / 0]
     DAEMON-EVENT: [Flows][active: 0 / 0|skipped: 0|!detected: 0|guessed: 0|detection-updates: 0|updates: 0]
              new: [.....1] [ip4][..tcp] [.142.250.184.68][..443] -> [.192.168.12.156][39750]
         detected: [.....1] [ip4][..tcp] [.142.250.184.68][..443] -> [.192.168.12.156][39750] [TLS][Google][Web][Safe]
              end: [.....1] [ip4][..tcp] [.142.250.184.68][..443] -> [.192.168.12.156][39750] [TLS][Google][Web][Safe]
     DAEMON-EVENT: shutdown
