     DAEMON-EVENT: init
              new: [.....1] [ip4][..udp] [..192.168.1.138][60790] -> [255.255.255.255][10001]
         detected: [.....1] [ip4][..udp] [..192.168.1.138][60790] -> [255.255.255.255][10001] [UBNTAC2][Unknown][Network][Safe]
              new: [.....2] [ip4][..tcp] [..192.168.1.138][35726] -> [..192.168.1.204][.8080]
         detected: [.....2] [ip4][..tcp] [..192.168.1.138][35726] -> [..192.168.1.204][.8080] [HTTP.UBNTAC2][Unknown][Network][Safe][192.168.1.204]
                   RISK: Known Proto on Non Std Port, HTTP/TLS/QUIC Numeric Hostname/SNI
           update: [.....1] [ip4][..udp] [..192.168.1.138][60790] -> [255.255.255.255][10001] [UBNTAC2][Unknown][Network][Safe]
     DAEMON-EVENT: [Processed: 11 pkts][ZLib][compressions: 0|diff: 0 / 0]
     DAEMON-EVENT: [Flows][active: 2 / 2|skipped: 0|!detected: 0|guessed: 0|detection-updates: 0|updates: 1]
              new: [.....3] [ip4][..udp] [....192.168.1.1][34085] -> [255.255.255.255][10001]
         detected: [.....3] [ip4][..udp] [....192.168.1.1][34085] -> [255.255.255.255][10001] [UBNTAC2][Unknown][Network][Safe]
             idle: [.....1] [ip4][..udp] [..192.168.1.138][60790] -> [255.255.255.255][10001] [UBNTAC2][Unknown][Network][Safe]
              end: [.....2] [ip4][..tcp] [..192.168.1.138][35726] -> [..192.168.1.204][.8080] [HTTP.UBNTAC2][Unknown][Network][Safe][192.168.1.204]
                   RISK: Known Proto on Non Std Port, HTTP/TLS/QUIC Numeric Hostname/SNI
              new: [.....4] [ip4][..udp] [....192.168.1.1][44641] -> [255.255.255.255][10001]
         detected: [.....4] [ip4][..udp] [....192.168.1.1][44641] -> [255.255.255.255][10001] [UBNTAC2][Unknown][Network][Safe]
              new: [.....5] [ip4][..udp] [....192.168.1.1][55321] -> [255.255.255.255][10001]
         detected: [.....5] [ip4][..udp] [....192.168.1.1][55321] -> [255.255.255.255][10001] [UBNTAC2][Unknown][Network][Safe]
              new: [.....6] [ip4][..udp] [....192.168.1.1][47871] -> [255.255.255.255][10001]
         detected: [.....6] [ip4][..udp] [....192.168.1.1][47871] -> [255.255.255.255][10001] [UBNTAC2][Unknown][Network][Safe]
              new: [.....7] [ip4][..udp] [....192.168.1.1][59772] -> [255.255.255.255][10001]
         detected: [.....7] [ip4][..udp] [....192.168.1.1][59772] -> [255.255.255.255][10001] [UBNTAC2][Unknown][Network][Safe]
              new: [.....8] [ip4][..udp] [....192.168.1.1][52220] -> [255.255.255.255][10001]
         detected: [.....8] [ip4][..udp] [....192.168.1.1][52220] -> [255.255.255.255][10001] [UBNTAC2][Unknown][Network][Safe]
           update: [.....3] [ip4][..udp] [....192.168.1.1][34085] -> [255.255.255.255][10001] [UBNTAC2][Unknown][Network][Safe]
              new: [.....9] [ip4][..udp] [....192.168.1.1][47746] -> [255.255.255.255][10001]
         detected: [.....9] [ip4][..udp] [....192.168.1.1][47746] -> [255.255.255.255][10001] [UBNTAC2][Unknown][Network][Safe]
           update: [.....4] [ip4][..udp] [....192.168.1.1][44641] -> [255.255.255.255][10001] [UBNTAC2][Unknown][Network][Safe]
              new: [....10] [ip4][..udp] [....192.168.1.1][42838] -> [255.255.255.255][10001]
         detected: [....10] [ip4][..udp] [....192.168.1.1][42838] -> [255.255.255.255][10001] [UBNTAC2][Unknown][Network][Safe]
           update: [.....5] [ip4][..udp] [....192.168.1.1][55321] -> [255.255.255.255][10001] [UBNTAC2][Unknown][Network][Safe]
     DAEMON-EVENT: [Processed: 19 pkts][ZLib][compressions: 0|diff: 0 / 0]
     DAEMON-EVENT: [Flows][active: 8 / 10|skipped: 0|!detected: 0|guessed: 0|detection-updates: 0|updates: 4]
              new: [....11] [ip4][..udp] [192.168.178.176][10001] -> [255.255.255.255][10001]
         detected: [....11] [ip4][..udp] [192.168.178.176][10001] -> [255.255.255.255][10001] [UBNTAC2][Unknown][Network][Safe]
              new: [....12] [ip4][..udp] [.192.168.178.92][10001] -> [192.168.178.176][10001]
         detected: [....12] [ip4][..udp] [.192.168.178.92][10001] -> [192.168.178.176][10001] [UBNTAC2][Unknown][Network][Safe]
              new: [....13] [ip4][..udp] [.192.168.178.61][10001] -> [192.168.178.176][10001]
         detected: [....13] [ip4][..udp] [.192.168.178.61][10001] -> [192.168.178.176][10001] [UBNTAC2][Unknown][Network][Safe]
             idle: [.....9] [ip4][..udp] [....192.168.1.1][47746] -> [255.255.255.255][10001] [UBNTAC2][Unknown][Network][Safe]
             idle: [.....6] [ip4][..udp] [....192.168.1.1][47871] -> [255.255.255.255][10001] [UBNTAC2][Unknown][Network][Safe]
             idle: [.....8] [ip4][..udp] [....192.168.1.1][52220] -> [255.255.255.255][10001] [UBNTAC2][Unknown][Network][Safe]
             idle: [....13] [ip4][..udp] [.192.168.178.61][10001] -> [192.168.178.176][10001] [UBNTAC2][Unknown][Network][Safe]
             idle: [....12] [ip4][..udp] [.192.168.178.92][10001] -> [192.168.178.176][10001] [UBNTAC2][Unknown][Network][Safe]
             idle: [.....5] [ip4][..udp] [....192.168.1.1][55321] -> [255.255.255.255][10001] [UBNTAC2][Unknown][Network][Safe]
             idle: [.....7] [ip4][..udp] [....192.168.1.1][59772] -> [255.255.255.255][10001] [UBNTAC2][Unknown][Network][Safe]
             idle: [.....3] [ip4][..udp] [....192.168.1.1][34085] -> [255.255.255.255][10001] [UBNTAC2][Unknown][Network][Safe]
             idle: [....11] [ip4][..udp] [192.168.178.176][10001] -> [255.255.255.255][10001] [UBNTAC2][Unknown][Network][Safe]
             idle: [....10] [ip4][..udp] [....192.168.1.1][42838] -> [255.255.255.255][10001] [UBNTAC2][Unknown][Network][Safe]
             idle: [.....4] [ip4][..udp] [....192.168.1.1][44641] -> [255.255.255.255][10001] [UBNTAC2][Unknown][Network][Safe]
     DAEMON-EVENT: shutdown
