     DAEMON-EVENT: init
     DAEMON-EVENT: [Processed: 0 pkts][ZLib][compressions: 0|diff: 0 / 0]
     DAEMON-EVENT: [Flows][active: 0 / 0|skipped: 0|!detected: 0|guessed: 0|detection-updates: 0|updates: 0]
              new: [.....1] [ip4][..udp] [...192.168.12.1][17500] -> [.192.168.12.255][17500]
         detected: [.....1] [ip4][..udp] [...192.168.12.1][17500] -> [.192.168.12.255][17500] [Dropbox][Unknown][Cloud][Acceptable]
              new: [.....2] [ip4][..udp] [...192.168.12.1][.5353] -> [....224.0.0.251][.5353]
         detected: [.....2] [ip4][..udp] [...192.168.12.1][.5353] -> [....224.0.0.251][.5353] [MDNS][Unknown][Network][Acceptable][_ipps._tcp.local]
           update: [.....1] [ip4][..udp] [...192.168.12.1][17500] -> [.192.168.12.255][17500] [Dropbox][Unknown][Cloud][Acceptable]
           update: [.....2] [ip4][..udp] [...192.168.12.1][.5353] -> [....224.0.0.251][.5353] [MDNS][Unknown][Network][Acceptable]
           update: [.....1] [ip4][..udp] [...192.168.12.1][17500] -> [.192.168.12.255][17500] [Dropbox][Unknown][Cloud][Acceptable]
           update: [.....2] [ip4][..udp] [...192.168.12.1][.5353] -> [....224.0.0.251][.5353] [MDNS][Unknown][Network][Acceptable]
              new: [.....3] [ip4][..udp] [.192.168.12.156][39065] -> [.206.247.87.213][.3478]
         detected: [.....3] [ip4][..udp] [.192.168.12.156][39065] -> [.206.247.87.213][.3478] [STUN.Zoom][Zoom][Video][Acceptable][]
              new: [.....4] [ip4][..udp] [.192.168.12.156][38453] -> [.206.247.87.213][.3478]
         detected: [.....4] [ip4][..udp] [.192.168.12.156][38453] -> [.206.247.87.213][.3478] [STUN.Zoom][Zoom][Video][Acceptable][]
              new: [.....5] [ip4][.icmp] [.206.247.87.213] -> [.192.168.12.156]
         detected: [.....5] [ip4][.icmp] [.206.247.87.213] -> [.192.168.12.156] [ICMP][Zoom][Network][Acceptable]
                   RISK: Susp Entropy
           update: [.....1] [ip4][..udp] [...192.168.12.1][17500] -> [.192.168.12.255][17500] [Dropbox][Unknown][Cloud][Acceptable]
              new: [.....6] [ip4][..udp] [.192.168.12.156][38453] -> [..192.168.1.226][41036]
         detected: [.....6] [ip4][..udp] [.192.168.12.156][38453] -> [..192.168.1.226][41036] [Zoom][Unknown][Video][Acceptable]
 detection-update: [.....6] [ip4][..udp] [.192.168.12.156][38453] -> [..192.168.1.226][41036] [Zoom][Unknown][Video][Acceptable]
                   RISK: Unidirectional Traffic
           update: [.....5] [ip4][.icmp] [.206.247.87.213] -> [.192.168.12.156] [ICMP][Zoom][Network][Acceptable]
                   RISK: Susp Entropy
           update: [.....2] [ip4][..udp] [...192.168.12.1][.5353] -> [....224.0.0.251][.5353] [MDNS][Unknown][Network][Acceptable]
              new: [.....7] [ip4][..udp] [.192.168.12.156][39065] -> [..192.168.1.226][46757]
         detected: [.....7] [ip4][..udp] [.192.168.12.156][39065] -> [..192.168.1.226][46757] [Zoom][Unknown][Video][Acceptable]
          analyse: [.....7] [ip4][..udp] [.192.168.12.156][39065] -> [..192.168.1.226][46757] [Zoom][Unknown][Video][Acceptable]
                                         min|       max|       avg|    stddev|         variance|  entropy
                   [IAT.........: <    0.001|     0.089|     0.026|     0.021|          430.173|    4.500]
                   [PKTLEN......:    113.000|  1277.000|   673.700|   485.600|       235788.400|    4.500]
                   [BINS(c->s)..: 0,0,5,0,0,0,0,0,0,0,0,0,0,0,0,0,0,0,0,0,0,0,0,0,5,1,0,0,0,0,0,3,2,0,0,0,0,0,0,0,0,0,0,0,0,0,0,0]
                   [BINS(s->c)..: 0,0,8,0,0,0,0,0,0,0,0,0,0,0,0,0,0,0,0,0,0,0,0,0,0,0,0,0,0,0,0,0,0,0,0,0,0,0,7,1,0,0,0,0,0,0,0,0]
                   [DIRECTIONS..: 0,1,0,1,1,0,1,0,1,1,0,1,0,0,1,0,1,1,1,0,0,1,0,0,1,0,1,1,0,0,1,0]
                   [IATS(ms)....: 8.4,10.2,12.0,0.1,14.3,5.0,17.5,37.3,28.4,52.5,29.0,88.6,0.2,71.3,10.8,22.4,0.1,28.5,48.7,32.5,39.0,13.4,0.2,30.2,24.5,22.8,31.8,53.4,31.8,40.1,10.0]
                   [PKTLENS.....: 113,113,113,113,113,113,113,113,113,113,113,1246,1056,1056,1246,800,1245,119,1245,800,800,1245,800,799,118,831,1245,1277,1043,1043,1257,1043]
                   [ENTROPIES...: 4.9,4.8,4.8,4.9,4.9,4.8,4.8,4.9,4.8,4.8,4.8,7.8,0.5,0.5,7.8,7.7,7.8,5.8,7.8,7.7,7.7,7.8,7.7,7.7,5.8,7.7,7.8,7.8,7.8,7.8,7.8,7.8]
           update: [.....4] [ip4][..udp] [.192.168.12.156][38453] -> [.206.247.87.213][.3478] [STUN.Zoom][Zoom][Video][Acceptable]
           update: [.....3] [ip4][..udp] [.192.168.12.156][39065] -> [.206.247.87.213][.3478] [STUN.Zoom][Zoom][Video][Acceptable]
           update: [.....5] [ip4][.icmp] [.206.247.87.213] -> [.192.168.12.156] [ICMP][Zoom][Network][Acceptable]
                   RISK: Susp Entropy
           update: [.....1] [ip4][..udp] [...192.168.12.1][17500] -> [.192.168.12.255][17500] [Dropbox][Unknown][Cloud][Acceptable]
           update: [.....6] [ip4][..udp] [.192.168.12.156][38453] -> [..192.168.1.226][41036] [Zoom][Unknown][Video][Acceptable]
                   RISK: Unidirectional Traffic
           update: [.....5] [ip4][.icmp] [.206.247.87.213] -> [.192.168.12.156] [ICMP][Zoom][Network][Acceptable]
                   RISK: Susp Entropy
           update: [.....7] [ip4][..udp] [.192.168.12.156][39065] -> [..192.168.1.226][46757] [Zoom][Unknown][Video][Acceptable]
           update: [.....4] [ip4][..udp] [.192.168.12.156][38453] -> [.206.247.87.213][.3478] [STUN.Zoom][Zoom][Video][Acceptable]
           update: [.....3] [ip4][..udp] [.192.168.12.156][39065] -> [.206.247.87.213][.3478] [STUN.Zoom][Zoom][Video][Acceptable]
           update: [.....2] [ip4][..udp] [...192.168.12.1][.5353] -> [....224.0.0.251][.5353] [MDNS][Unknown][Network][Acceptable]
           update: [.....5] [ip4][.icmp] [.206.247.87.213] -> [.192.168.12.156] [ICMP][Zoom][Network][Acceptable]
                   RISK: Susp Entropy
           update: [.....1] [ip4][..udp] [...192.168.12.1][17500] -> [.192.168.12.255][17500] [Dropbox][Unknown][Cloud][Acceptable]
             idle: [.....5] [ip4][.icmp] [.206.247.87.213] -> [.192.168.12.156] [ICMP][Zoom][Network][Acceptable]
                   RISK: Susp Entropy
           update: [.....6] [ip4][..udp] [.192.168.12.156][38453] -> [..192.168.1.226][41036] [Zoom][Unknown][Video][Acceptable]
                   RISK: Unidirectional Traffic
           update: [.....7] [ip4][..udp] [.192.168.12.156][39065] -> [..192.168.1.226][46757] [Zoom][Unknown][Video][Acceptable]
           update: [.....4] [ip4][..udp] [.192.168.12.156][38453] -> [.206.247.87.213][.3478] [STUN.Zoom][Zoom][Video][Acceptable]
           update: [.....3] [ip4][..udp] [.192.168.12.156][39065] -> [.206.247.87.213][.3478] [STUN.Zoom][Zoom][Video][Acceptable]
           update: [.....2] [ip4][..udp] [...192.168.12.1][.5353] -> [....224.0.0.251][.5353] [MDNS][Unknown][Network][Acceptable]
             idle: [.....2] [ip4][..udp] [...192.168.12.1][.5353] -> [....224.0.0.251][.5353] [MDNS][Unknown][Network][Acceptable]
           update: [.....1] [ip4][..udp] [...192.168.12.1][17500] -> [.192.168.12.255][17500] [Dropbox][Unknown][Cloud][Acceptable]
             idle: [.....6] [ip4][..udp] [.192.168.12.156][38453] -> [..192.168.1.226][41036] [Zoom][Unknown][Video][Acceptable]
                   RISK: Unidirectional Traffic
             idle: [.....7] [ip4][..udp] [.192.168.12.156][39065] -> [..192.168.1.226][46757] [Zoom][Unknown][Video][Acceptable]
             idle: [.....4] [ip4][..udp] [.192.168.12.156][38453] -> [.206.247.87.213][.3478] [STUN.Zoom][Zoom][Video][Acceptable]
             idle: [.....3] [ip4][..udp] [.192.168.12.156][39065] -> [.206.247.87.213][.3478] [STUN.Zoom][Zoom][Video][Acceptable]
              new: [.....8] [ip4][..udp] [.192.168.12.156][49579] -> [.206.247.10.253][.3478]
         detected: [.....8] [ip4][..udp] [.192.168.12.156][49579] -> [.206.247.10.253][.3478] [STUN.Zoom][Zoom][Video][Acceptable][]
              new: [.....9] [ip4][..udp] [.192.168.12.156][42208] -> [.206.247.10.253][.3478]
         detected: [.....9] [ip4][..udp] [.192.168.12.156][42208] -> [.206.247.10.253][.3478] [STUN.Zoom][Zoom][Video][Acceptable][]
              new: [....10] [ip4][.icmp] [.206.247.10.253] -> [.192.168.12.156]
         detected: [....10] [ip4][.icmp] [.206.247.10.253] -> [.192.168.12.156] [ICMP][Zoom][Network][Acceptable]
                   RISK: Susp Entropy
              new: [....11] [ip4][..udp] [...192.168.12.1][.5353] -> [....224.0.0.251][.5353]
         detected: [....11] [ip4][..udp] [...192.168.12.1][.5353] -> [....224.0.0.251][.5353] [MDNS][Unknown][Network][Acceptable][_ipps._tcp.local]
           update: [.....1] [ip4][..udp] [...192.168.12.1][17500] -> [.192.168.12.255][17500] [Dropbox][Unknown][Cloud][Acceptable]
          analyse: [....10] [ip4][.icmp] [.206.247.10.253] -> [.192.168.12.156] [ICMP][Zoom][Network][Acceptable]
                                         min|       max|       avg|    stddev|         variance|  entropy
                   [IAT.........: <    0.001|     2.031|     0.974|     1.005|      1010541.658|    3.900]
                   [PKTLEN......:    100.000|   100.000|   100.000|     0.000|            0.000|    5.000]
                   [BINS(c->s)..: 0,0,32,0,0,0,0,0,0,0,0,0,0,0,0,0,0,0,0,0,0,0,0,0,0,0,0,0,0,0,0,0,0,0,0,0,0,0,0,0,0,0,0,0,0,0,0,0]
                   [BINS(s->c)..: 0,0,0,0,0,0,0,0,0,0,0,0,0,0,0,0,0,0,0,0,0,0,0,0,0,0,0,0,0,0,0,0,0,0,0,0,0,0,0,0,0,0,0,0,0,0,0,0]
                   [DIRECTIONS..: 0,0,0,0,0,0,0,0,0,0,0,0,0,0,0,0,0,0,0,0,0,0,0,0,0,0,0,0,0,0,0,0]
                   [IATS(ms)....: 0.0,2023.3,0.0,2021.5,0.0,2008.4,0.0,2013.5,0.0,1994.8,0.0,2022.5,0.0,1990.7,0.1,2022.2,0.0,2022.0,0.1,1995.4,0.0,2020.2,0.0,2002.2,3.1,1996.9,3.1,2014.1,0.0,2030.9,0.0]
                   [PKTLENS.....: 100,100,100,100,100,100,100,100,100,100,100,100,100,100,100,100,100,100,100,100,100,100,100,100,100,100,100,100,100,100,100,100]
                   [ENTROPIES...: 5.4,5.3,5.2,5.3,5.4,5.3,5.4,5.3,5.4,5.3,5.3,5.4,5.3,5.3,5.3,5.4,5.3,5.4,5.3,5.3,5.3,5.3,5.3,5.3,5.4,5.3,5.3,5.4,5.4,5.3,5.4,5.3]
              new: [....12] [ip4][..udp] [.192.168.12.156][42208] -> [...10.78.14.178][47312]
         detected: [....12] [ip4][..udp] [.192.168.12.156][42208] -> [...10.78.14.178][47312] [Zoom][Unknown][Video][Acceptable]
 detection-update: [....12] [ip4][..udp] [.192.168.12.156][42208] -> [...10.78.14.178][47312] [Zoom][Unknown][Video][Acceptable]
                   RISK: Unidirectional Traffic
              new: [....13] [ip4][..udp] [.192.168.12.156][49579] -> [...10.78.14.178][49586]
         detected: [....13] [ip4][..udp] [.192.168.12.156][49579] -> [...10.78.14.178][49586] [Zoom][Unknown][Video][Acceptable]
           update: [....10] [ip4][.icmp] [.206.247.10.253] -> [.192.168.12.156] [ICMP][Zoom][Network][Acceptable]
                   RISK: Susp Entropy
 detection-update: [....13] [ip4][..udp] [.192.168.12.156][49579] -> [...10.78.14.178][49586] [Zoom][Unknown][Video][Acceptable]
                   RISK: Unidirectional Traffic
          analyse: [....12] [ip4][..udp] [.192.168.12.156][42208] -> [...10.78.14.178][47312] [Zoom][Unknown][Video][Acceptable]
                                         min|       max|       avg|    stddev|         variance|  entropy
                   [IAT.........: <    0.001|     0.052|     0.013|     0.016|          253.890|    4.000]
                   [PKTLEN......:    112.000|   112.000|   112.000|     0.000|            0.000|    5.000]
                   [BINS(c->s)..: 0,0,32,0,0,0,0,0,0,0,0,0,0,0,0,0,0,0,0,0,0,0,0,0,0,0,0,0,0,0,0,0,0,0,0,0,0,0,0,0,0,0,0,0,0,0,0,0]
                   [BINS(s->c)..: 0,0,0,0,0,0,0,0,0,0,0,0,0,0,0,0,0,0,0,0,0,0,0,0,0,0,0,0,0,0,0,0,0,0,0,0,0,0,0,0,0,0,0,0,0,0,0,0]
                   [DIRECTIONS..: 0,0,0,0,0,0,0,0,0,0,0,0,0,0,0,0,0,0,0,0,0,0,0,0,0,0,0,0,0,0,0,0]
                   [IATS(ms)....: 0.2,27.3,11.2,7.7,6.8,1.5,0.1,13.3,6.9,1.7,40.5,0.2,15.5,0.6,33.3,0.2,50.8,0.4,5.9,5.7,52.3,0.4,7.2,2.3,22.7,0.2,31.0,0.2,40.9,0.2,22.6]
                   [PKTLENS.....: 112,112,112,112,112,112,112,112,112,112,112,112,112,112,112,112,112,112,112,112,112,112,112,112,112,112,112,112,112,112,112,112]
                   [ENTROPIES...: 5.0,5.0,5.0,5.0,5.0,5.0,5.0,5.0,5.0,5.0,5.0,5.0,5.0,5.0,5.0,5.0,5.0,5.0,5.0,5.0,5.0,5.0,5.0,5.0,5.0,5.0,5.0,5.0,5.0,5.0,5.0,5.0]
          analyse: [....13] [ip4][..udp] [.192.168.12.156][49579] -> [...10.78.14.178][49586] [Zoom][Unknown][Video][Acceptable]
                                         min|       max|       avg|    stddev|         variance|  entropy
                   [IAT.........: <    0.001|     0.055|     0.027|     0.014|          209.331|    4.700]
                   [PKTLEN......:    112.000|   112.000|   112.000|     0.000|            0.000|    5.000]
                   [BINS(c->s)..: 0,0,32,0,0,0,0,0,0,0,0,0,0,0,0,0,0,0,0,0,0,0,0,0,0,0,0,0,0,0,0,0,0,0,0,0,0,0,0,0,0,0,0,0,0,0,0,0]
                   [BINS(s->c)..: 0,0,0,0,0,0,0,0,0,0,0,0,0,0,0,0,0,0,0,0,0,0,0,0,0,0,0,0,0,0,0,0,0,0,0,0,0,0,0,0,0,0,0,0,0,0,0,0]
                   [DIRECTIONS..: 0,0,0,0,0,0,0,0,0,0,0,0,0,0,0,0,0,0,0,0,0,0,0,0,0,0,0,0,0,0,0,0]
                   [IATS(ms)....: 23.8,0.3,29.8,1.6,40.5,0.5,22.7,46.4,8.7,38.1,43.6,20.5,19.3,34.0,24.4,41.5,21.1,25.0,31.1,47.2,23.8,22.9,54.8,6.0,45.0,14.9,26.8,31.6,48.3,23.8,18.7]
                   [PKTLENS.....: 112,112,112,112,112,112,112,112,112,112,112,112,112,112,112,112,112,112,112,112,112,112,112,112,112,112,112,112,112,112,112,112]
                   [ENTROPIES...: 4.9,4.9,4.9,4.9,4.9,4.9,4.9,4.9,4.9,4.9,4.9,4.9,4.9,4.9,4.9,4.9,4.9,4.9,4.9,4.9,4.9,4.9,4.9,4.9,4.9,4.9,4.9,4.9,4.9,4.9,4.9,4.9]
             idle: [....10] [ip4][.icmp] [.206.247.10.253] -> [.192.168.12.156] [ICMP][Zoom][Network][Acceptable]
                   RISK: Susp Entropy
             idle: [.....9] [ip4][..udp] [.192.168.12.156][42208] -> [.206.247.10.253][.3478] [STUN.Zoom][Zoom][Video][Acceptable]
             idle: [....11] [ip4][..udp] [...192.168.12.1][.5353] -> [....224.0.0.251][.5353] [MDNS][Unknown][Network][Acceptable]
             idle: [....12] [ip4][..udp] [.192.168.12.156][42208] -> [...10.78.14.178][47312] [Zoom][Unknown][Video][Acceptable]
                   RISK: Unidirectional Traffic
             idle: [.....1] [ip4][..udp] [...192.168.12.1][17500] -> [.192.168.12.255][17500] [Dropbox][Unknown][Cloud][Acceptable]
             idle: [.....8] [ip4][..udp] [.192.168.12.156][49579] -> [.206.247.10.253][.3478] [STUN.Zoom][Zoom][Video][Acceptable]
             idle: [....13] [ip4][..udp] [.192.168.12.156][49579] -> [...10.78.14.178][49586] [Zoom][Unknown][Video][Acceptable]
                   RISK: Unidirectional Traffic
     DAEMON-EVENT: shutdown
