     DAEMON-EVENT: init
     DAEMON-EVENT: [Processed: 0 pkts][ZLib][compressions: 0|diff: 0 / 0]
     DAEMON-EVENT: [Flows][active: 0 / 0|skipped: 0|!detected: 0|guessed: 0|detection-updates: 0|updates: 0]
              new: [.....1] [ip4][..udp] [..197.130.35.95][39594] -> [.163.40.238.205][19000]
         detected: [.....1] [ip4][..udp] [..197.130.35.95][39594] -> [.163.40.238.205][19000] [ZUG][Unknown][Crypto_Currency][Acceptable]
     DAEMON-EVENT: [Processed: 1 pkts][ZLib][compressions: 0|diff: 0 / 0]
     DAEMON-EVENT: [Flows][active: 1 / 1|skipped: 0|!detected: 0|guessed: 0|detection-updates: 0|updates: 0]
              new: [.....2] [ip4][..udp] [225.110.130.102][44066] -> [133.150.105.134][19000]
         detected: [.....2] [ip4][..udp] [225.110.130.102][44066] -> [133.150.105.134][19000] [ZUG][Unknown][Crypto_Currency][Acceptable]
             idle: [.....1] [ip4][..udp] [..197.130.35.95][39594] -> [.163.40.238.205][19000] [ZUG][Unknown][Crypto_Currency][Acceptable]
              new: [.....3] [ip4][..udp] [.117.220.197.41][37556] -> [..44.22.132.225][19000]
         detected: [.....3] [ip4][..udp] [.117.220.197.41][37556] -> [..44.22.132.225][19000] [ZUG][Unknown][Crypto_Currency][Acceptable]
           update: [.....2] [ip4][..udp] [225.110.130.102][44066] -> [133.150.105.134][19000] [ZUG][Unknown][Crypto_Currency][Acceptable]
     DAEMON-EVENT: [Processed: 3 pkts][ZLib][compressions: 0|diff: 0 / 0]
     DAEMON-EVENT: [Flows][active: 2 / 3|skipped: 0|!detected: 0|guessed: 0|detection-updates: 0|updates: 1]
              new: [.....4] [ip4][..udp] [..61.59.105.181][19000] -> [..199.24.15.231][48793]
             idle: [.....3] [ip4][..udp] [.117.220.197.41][37556] -> [..44.22.132.225][19000] [ZUG][Unknown][Crypto_Currency][Acceptable]
             idle: [.....2] [ip4][..udp] [225.110.130.102][44066] -> [133.150.105.134][19000] [ZUG][Unknown][Crypto_Currency][Acceptable]
     DAEMON-EVENT: [Processed: 4 pkts][ZLib][compressions: 0|diff: 0 / 0]
     DAEMON-EVENT: [Flows][active: 1 / 4|skipped: 0|!detected: 0|guessed: 0|detection-updates: 0|updates: 1]
              new: [.....5] [ip4][..udp] [..173.46.102.72][41686] -> [.204.88.149.147][19000]
         detected: [.....5] [ip4][..udp] [..173.46.102.72][41686] -> [.204.88.149.147][19000] [ZUG][Unknown][Crypto_Currency][Acceptable]
     not-detected: [.....4] [ip4][..udp] [..61.59.105.181][19000] -> [..199.24.15.231][48793] [Unknown][Unknown][Unspecified][Unrated]
                   RISK: Susp Entropy, Unidirectional Traffic
             idle: [.....4] [ip4][..udp] [..61.59.105.181][19000] -> [..199.24.15.231][48793]
     DAEMON-EVENT: [Processed: 5 pkts][ZLib][compressions: 0|diff: 0 / 0]
     DAEMON-EVENT: [Flows][active: 1 / 5|skipped: 0|!detected: 1|guessed: 0|detection-updates: 0|updates: 1]
              new: [.....6] [ip4][..udp] [...74.90.102.55][44370] -> [..17.218.251.92][19000]
         detected: [.....6] [ip4][..udp] [...74.90.102.55][44370] -> [..17.218.251.92][19000] [ZUG][Apple][Crypto_Currency][Acceptable]
              new: [.....7] [ip4][..udp] [...52.104.45.69][44174] -> [...53.52.158.15][19000]
         detected: [.....7] [ip4][..udp] [...52.104.45.69][44174] -> [...53.52.158.15][19000] [ZUG][MS_OneDrive][Crypto_Currency][Acceptable]
             idle: [.....7] [ip4][..udp] [...52.104.45.69][44174] -> [...53.52.158.15][19000] [ZUG][MS_OneDrive][Crypto_Currency][Acceptable]
             idle: [.....6] [ip4][..udp] [...74.90.102.55][44370] -> [..17.218.251.92][19000] [ZUG][Apple][Crypto_Currency][Acceptable]
             idle: [.....5] [ip4][..udp] [..173.46.102.72][41686] -> [.204.88.149.147][19000] [ZUG][Unknown][Crypto_Currency][Acceptable]
     DAEMON-EVENT: shutdown
