Flow 5 risky: udp 127.0.0.1:53154 -> 127.0.0.53:53
Flow 7 risky: udp 192.168.1.183:39434 -> 192.168.1.253:53
